This is pdfTeX, Version 3.141592653-2.6-1.40.24 (TeX Live 2022) (preloaded format=pdflatex 2022.10.2)  18 MAY 2026 18:49
entering extended mode
 restricted \write18 enabled.
 %&-line parsing enabled.
**report.tex
(./report.tex
LaTeX2e <2022-06-01> patch level 5
L3 programming layer <2022-09-28> (./sareport.cls
Document Class: sareport 2023/03/12 v1.42 Software Architecture Report
(c:/texlive/2022/texmf-dist/tex/latex/base/ifthen.sty
Package: ifthen 2022/04/13 v1.1d Standard LaTeX ifthen package (DPC)
)
(c:/texlive/2022/texmf-dist/tex/latex/base/report.cls
Document Class: report 2021/10/04 v1.4n Standard LaTeX document class
(c:/texlive/2022/texmf-dist/tex/latex/base/size10.clo
File: size10.clo 2021/10/04 v1.4n Standard LaTeX file (size option)
)
\c@part=\count185
\c@chapter=\count186
\c@section=\count187
\c@subsection=\count188
\c@subsubsection=\count189
\c@paragraph=\count190
\c@subparagraph=\count191
\c@figure=\count192
\c@table=\count193
\abovecaptionskip=\skip47
\belowcaptionskip=\skip48
\bibindent=\dimen138
)
(c:/texlive/2022/texmf-dist/tex/generic/babel/babel.sty
Package: babel 2022/09/17 3.80 The Babel package
\babel@savecnt=\count194
\U@D=\dimen139
\l@unhyphenated=\language87

(c:/texlive/2022/texmf-dist/tex/generic/babel/txtbabel.def)
\bbl@readstream=\read2
\bbl@dirlevel=\count195

(c:/texlive/2022/texmf-dist/tex/generic/babel-english/english.ldf
Language: english 2017/06/06 v3.3r English support from the babel system
Package babel Info: Hyphen rules for 'canadian' set to \l@english
(babel)             (\language0). Reported on input line 102.
Package babel Info: Hyphen rules for 'australian' set to \l@ukenglish
(babel)             (\language21). Reported on input line 105.
Package babel Info: Hyphen rules for 'newzealand' set to \l@ukenglish
(babel)             (\language21). Reported on input line 108.
))
(c:/texlive/2022/texmf-dist/tex/generic/babel/locale/en/babel-english.tex
Package babel Info: Importing font and identification data for english
(babel)             from babel-en.ini. Reported on input line 11.
)
(c:/texlive/2022/texmf-dist/tex/latex/base/inputenc.sty
Package: inputenc 2021/02/14 v1.3d Input encoding file
\inpenc@prehook=\toks16
\inpenc@posthook=\toks17
)
(c:/texlive/2022/texmf-dist/tex/latex/base/fontenc.sty
Package: fontenc 2021/04/29 v2.0v Standard LaTeX package
)
(c:/texlive/2022/texmf-dist/tex/latex/graphics/graphicx.sty
Package: graphicx 2021/09/16 v1.2d Enhanced LaTeX Graphics (DPC,SPQR)

(c:/texlive/2022/texmf-dist/tex/latex/graphics/keyval.sty
Package: keyval 2022/05/29 v1.15 key=value parser (DPC)
\KV@toks@=\toks18
)
(c:/texlive/2022/texmf-dist/tex/latex/graphics/graphics.sty
Package: graphics 2022/03/10 v1.4e Standard LaTeX Graphics (DPC,SPQR)

(c:/texlive/2022/texmf-dist/tex/latex/graphics/trig.sty
Package: trig 2021/08/11 v1.11 sin cos tan (DPC)
)
(c:/texlive/2022/texmf-dist/tex/latex/graphics-cfg/graphics.cfg
File: graphics.cfg 2016/06/04 v1.11 sample graphics configuration
)
Package graphics Info: Driver file: pdftex.def on input line 107.

(c:/texlive/2022/texmf-dist/tex/latex/graphics-def/pdftex.def
File: pdftex.def 2022/09/22 v1.2b Graphics/color driver for pdftex
\stockwidth=\dimen140
\stockheight=\dimen141
))
\Gin@req@height=\dimen142
\Gin@req@width=\dimen143
)
(c:/texlive/2022/texmf-dist/tex/latex/geometry/geometry.sty
Package: geometry 2020/01/02 v5.9 Page Geometry

(c:/texlive/2022/texmf-dist/tex/generic/iftex/ifvtex.sty
Package: ifvtex 2019/10/25 v1.7 ifvtex legacy package. Use iftex instead.

(c:/texlive/2022/texmf-dist/tex/generic/iftex/iftex.sty
Package: iftex 2022/02/03 v1.0f TeX engine tests
))
\Gm@cnth=\count196
\Gm@cntv=\count197
\c@Gm@tempcnt=\count198
\Gm@bindingoffset=\dimen144
\Gm@wd@mp=\dimen145
\Gm@odd@mp=\dimen146
\Gm@even@mp=\dimen147
\Gm@layoutwidth=\dimen148
\Gm@layoutheight=\dimen149
\Gm@layouthoffset=\dimen150
\Gm@layoutvoffset=\dimen151
\Gm@dimlist=\toks19
)
(c:/texlive/2022/texmf-dist/tex/latex/todonotes/todonotes.sty
Package: todonotes 2021/06/04 v1.1.5 Todonotes source and documentation.
Package: todonotes 2021/06/04

(c:/texlive/2022/texmf-dist/tex/latex/xkeyval/xkeyval.sty
Package: xkeyval 2022/06/16 v2.9 package option processing (HA)

(c:/texlive/2022/texmf-dist/tex/generic/xkeyval/xkeyval.tex
(c:/texlive/2022/texmf-dist/tex/generic/xkeyval/xkvutils.tex
\XKV@toks=\toks20
\XKV@tempa@toks=\toks21
)
\XKV@depth=\count199
File: xkeyval.tex 2014/12/03 v2.7a key=value parser (HA)
))
(c:/texlive/2022/texmf-dist/tex/latex/xcolor/xcolor.sty
Package: xcolor 2022/06/12 v2.14 LaTeX color extensions (UK)

(c:/texlive/2022/texmf-dist/tex/latex/graphics-cfg/color.cfg
File: color.cfg 2016/01/02 v1.6 sample color configuration
)
Package xcolor Info: Package option `usenames' ignored on input line 218.
Package xcolor Info: Driver file: pdftex.def on input line 227.

(c:/texlive/2022/texmf-dist/tex/latex/colortbl/colortbl.sty
Package: colortbl 2022/06/20 v1.0f Color table columns (DPC)

(c:/texlive/2022/texmf-dist/tex/latex/tools/array.sty
Package: array 2022/03/10 v2.5f Tabular extension package (FMi)
\col@sep=\dimen152
\ar@mcellbox=\box51
\extrarowheight=\dimen153
\NC@list=\toks22
\extratabsurround=\skip49
\backup@length=\skip50
\ar@cellbox=\box52
)
\everycr=\toks23
\minrowclearance=\skip51
\rownum=\count266
)
(c:/texlive/2022/texmf-dist/tex/latex/graphics/mathcolor.ltx)
Package xcolor Info: Model `cmy' substituted by `cmy0' on input line 1353.
Package xcolor Info: Model `hsb' substituted by `rgb' on input line 1357.
Package xcolor Info: Model `RGB' extended on input line 1369.
Package xcolor Info: Model `HTML' substituted by `rgb' on input line 1371.
Package xcolor Info: Model `Hsb' substituted by `hsb' on input line 1372.
Package xcolor Info: Model `tHsb' substituted by `hsb' on input line 1373.
Package xcolor Info: Model `HSB' substituted by `hsb' on input line 1374.
Package xcolor Info: Model `Gray' substituted by `gray' on input line 1375.
Package xcolor Info: Model `wave' substituted by `hsb' on input line 1376.

(c:/texlive/2022/texmf-dist/tex/latex/graphics/dvipsnam.def
File: dvipsnam.def 2016/06/17 v3.0m Driver-dependent file (DPC,SPQR)
)
(c:/texlive/2022/texmf-dist/tex/latex/xcolor/svgnam.def
File: svgnam.def 2022/06/12 v2.14 Predefined colors according to SVG 1.1 (UK)
))
(c:/texlive/2022/texmf-dist/tex/latex/pgf/frontendlayer/tikz.sty
(c:/texlive/2022/texmf-dist/tex/latex/pgf/basiclayer/pgf.sty
(c:/texlive/2022/texmf-dist/tex/latex/pgf/utilities/pgfrcs.sty
(c:/texlive/2022/texmf-dist/tex/generic/pgf/utilities/pgfutil-common.tex
\pgfutil@everybye=\toks24
\pgfutil@tempdima=\dimen154
\pgfutil@tempdimb=\dimen155

(c:/texlive/2022/texmf-dist/tex/generic/pgf/utilities/pgfutil-common-lists.tex)
) (c:/texlive/2022/texmf-dist/tex/generic/pgf/utilities/pgfutil-latex.def
\pgfutil@abb=\box53
)
(c:/texlive/2022/texmf-dist/tex/generic/pgf/utilities/pgfrcs.code.tex
(c:/texlive/2022/texmf-dist/tex/generic/pgf/pgf.revision.tex)
Package: pgfrcs 2021/05/15 v3.1.9a (3.1.9a)
))
Package: pgf 2021/05/15 v3.1.9a (3.1.9a)

(c:/texlive/2022/texmf-dist/tex/latex/pgf/basiclayer/pgfcore.sty
(c:/texlive/2022/texmf-dist/tex/latex/pgf/systemlayer/pgfsys.sty
(c:/texlive/2022/texmf-dist/tex/generic/pgf/systemlayer/pgfsys.code.tex
Package: pgfsys 2021/05/15 v3.1.9a (3.1.9a)

(c:/texlive/2022/texmf-dist/tex/generic/pgf/utilities/pgfkeys.code.tex
\pgfkeys@pathtoks=\toks25
\pgfkeys@temptoks=\toks26

(c:/texlive/2022/texmf-dist/tex/generic/pgf/utilities/pgfkeysfiltered.code.tex
\pgfkeys@tmptoks=\toks27
))
\pgf@x=\dimen156
\pgf@y=\dimen157
\pgf@xa=\dimen158
\pgf@ya=\dimen159
\pgf@xb=\dimen160
\pgf@yb=\dimen161
\pgf@xc=\dimen162
\pgf@yc=\dimen163
\pgf@xd=\dimen164
\pgf@yd=\dimen165
\w@pgf@writea=\write3
\r@pgf@reada=\read3
\c@pgf@counta=\count267
\c@pgf@countb=\count268
\c@pgf@countc=\count269
\c@pgf@countd=\count270
\t@pgf@toka=\toks28
\t@pgf@tokb=\toks29
\t@pgf@tokc=\toks30
\pgf@sys@id@count=\count271
 (c:/texlive/2022/texmf-dist/tex/generic/pgf/systemlayer/pgf.cfg
File: pgf.cfg 2021/05/15 v3.1.9a (3.1.9a)
)
Driver file for pgf: pgfsys-pdftex.def

(c:/texlive/2022/texmf-dist/tex/generic/pgf/systemlayer/pgfsys-pdftex.def
File: pgfsys-pdftex.def 2021/05/15 v3.1.9a (3.1.9a)

(c:/texlive/2022/texmf-dist/tex/generic/pgf/systemlayer/pgfsys-common-pdf.def
File: pgfsys-common-pdf.def 2021/05/15 v3.1.9a (3.1.9a)
)))
(c:/texlive/2022/texmf-dist/tex/generic/pgf/systemlayer/pgfsyssoftpath.code.tex
File: pgfsyssoftpath.code.tex 2021/05/15 v3.1.9a (3.1.9a)
\pgfsyssoftpath@smallbuffer@items=\count272
\pgfsyssoftpath@bigbuffer@items=\count273
)
(c:/texlive/2022/texmf-dist/tex/generic/pgf/systemlayer/pgfsysprotocol.code.tex
File: pgfsysprotocol.code.tex 2021/05/15 v3.1.9a (3.1.9a)
)) (c:/texlive/2022/texmf-dist/tex/generic/pgf/basiclayer/pgfcore.code.tex
Package: pgfcore 2021/05/15 v3.1.9a (3.1.9a)

(c:/texlive/2022/texmf-dist/tex/generic/pgf/math/pgfmath.code.tex
(c:/texlive/2022/texmf-dist/tex/generic/pgf/math/pgfmathcalc.code.tex
(c:/texlive/2022/texmf-dist/tex/generic/pgf/math/pgfmathutil.code.tex)
(c:/texlive/2022/texmf-dist/tex/generic/pgf/math/pgfmathparser.code.tex
\pgfmath@dimen=\dimen166
\pgfmath@count=\count274
\pgfmath@box=\box54
\pgfmath@toks=\toks31
\pgfmath@stack@operand=\toks32
\pgfmath@stack@operation=\toks33
)
(c:/texlive/2022/texmf-dist/tex/generic/pgf/math/pgfmathfunctions.code.tex
(c:/texlive/2022/texmf-dist/tex/generic/pgf/math/pgfmathfunctions.basic.code.te
x)
(c:/texlive/2022/texmf-dist/tex/generic/pgf/math/pgfmathfunctions.trigonometric
.code.tex)
(c:/texlive/2022/texmf-dist/tex/generic/pgf/math/pgfmathfunctions.random.code.t
ex)
(c:/texlive/2022/texmf-dist/tex/generic/pgf/math/pgfmathfunctions.comparison.co
de.tex)
(c:/texlive/2022/texmf-dist/tex/generic/pgf/math/pgfmathfunctions.base.code.tex
)
(c:/texlive/2022/texmf-dist/tex/generic/pgf/math/pgfmathfunctions.round.code.te
x)
(c:/texlive/2022/texmf-dist/tex/generic/pgf/math/pgfmathfunctions.misc.code.tex
)
(c:/texlive/2022/texmf-dist/tex/generic/pgf/math/pgfmathfunctions.integerarithm
etics.code.tex)))
(c:/texlive/2022/texmf-dist/tex/generic/pgf/math/pgfmathfloat.code.tex
\c@pgfmathroundto@lastzeros=\count275
))
(c:/texlive/2022/texmf-dist/tex/generic/pgf/math/pgfint.code.tex)
(c:/texlive/2022/texmf-dist/tex/generic/pgf/basiclayer/pgfcorepoints.code.tex
File: pgfcorepoints.code.tex 2021/05/15 v3.1.9a (3.1.9a)
\pgf@picminx=\dimen167
\pgf@picmaxx=\dimen168
\pgf@picminy=\dimen169
\pgf@picmaxy=\dimen170
\pgf@pathminx=\dimen171
\pgf@pathmaxx=\dimen172
\pgf@pathminy=\dimen173
\pgf@pathmaxy=\dimen174
\pgf@xx=\dimen175
\pgf@xy=\dimen176
\pgf@yx=\dimen177
\pgf@yy=\dimen178
\pgf@zx=\dimen179
\pgf@zy=\dimen180
)
(c:/texlive/2022/texmf-dist/tex/generic/pgf/basiclayer/pgfcorepathconstruct.cod
e.tex
File: pgfcorepathconstruct.code.tex 2021/05/15 v3.1.9a (3.1.9a)
\pgf@path@lastx=\dimen181
\pgf@path@lasty=\dimen182
)
(c:/texlive/2022/texmf-dist/tex/generic/pgf/basiclayer/pgfcorepathusage.code.te
x
File: pgfcorepathusage.code.tex 2021/05/15 v3.1.9a (3.1.9a)
\pgf@shorten@end@additional=\dimen183
\pgf@shorten@start@additional=\dimen184
)
(c:/texlive/2022/texmf-dist/tex/generic/pgf/basiclayer/pgfcorescopes.code.tex
File: pgfcorescopes.code.tex 2021/05/15 v3.1.9a (3.1.9a)
\pgfpic=\box55
\pgf@hbox=\box56
\pgf@layerbox@main=\box57
\pgf@picture@serial@count=\count276
)
(c:/texlive/2022/texmf-dist/tex/generic/pgf/basiclayer/pgfcoregraphicstate.code
.tex
File: pgfcoregraphicstate.code.tex 2021/05/15 v3.1.9a (3.1.9a)
\pgflinewidth=\dimen185
)
(c:/texlive/2022/texmf-dist/tex/generic/pgf/basiclayer/pgfcoretransformations.c
ode.tex
File: pgfcoretransformations.code.tex 2021/05/15 v3.1.9a (3.1.9a)
\pgf@pt@x=\dimen186
\pgf@pt@y=\dimen187
\pgf@pt@temp=\dimen188
)
(c:/texlive/2022/texmf-dist/tex/generic/pgf/basiclayer/pgfcorequick.code.tex
File: pgfcorequick.code.tex 2021/05/15 v3.1.9a (3.1.9a)
)
(c:/texlive/2022/texmf-dist/tex/generic/pgf/basiclayer/pgfcoreobjects.code.tex
File: pgfcoreobjects.code.tex 2021/05/15 v3.1.9a (3.1.9a)
)
(c:/texlive/2022/texmf-dist/tex/generic/pgf/basiclayer/pgfcorepathprocessing.co
de.tex
File: pgfcorepathprocessing.code.tex 2021/05/15 v3.1.9a (3.1.9a)
)
(c:/texlive/2022/texmf-dist/tex/generic/pgf/basiclayer/pgfcorearrows.code.tex
File: pgfcorearrows.code.tex 2021/05/15 v3.1.9a (3.1.9a)
\pgfarrowsep=\dimen189
)
(c:/texlive/2022/texmf-dist/tex/generic/pgf/basiclayer/pgfcoreshade.code.tex
File: pgfcoreshade.code.tex 2021/05/15 v3.1.9a (3.1.9a)
\pgf@max=\dimen190
\pgf@sys@shading@range@num=\count277
\pgf@shadingcount=\count278
)
(c:/texlive/2022/texmf-dist/tex/generic/pgf/basiclayer/pgfcoreimage.code.tex
File: pgfcoreimage.code.tex 2021/05/15 v3.1.9a (3.1.9a)

(c:/texlive/2022/texmf-dist/tex/generic/pgf/basiclayer/pgfcoreexternal.code.tex
File: pgfcoreexternal.code.tex 2021/05/15 v3.1.9a (3.1.9a)
\pgfexternal@startupbox=\box58
))
(c:/texlive/2022/texmf-dist/tex/generic/pgf/basiclayer/pgfcorelayers.code.tex
File: pgfcorelayers.code.tex 2021/05/15 v3.1.9a (3.1.9a)
)
(c:/texlive/2022/texmf-dist/tex/generic/pgf/basiclayer/pgfcoretransparency.code
.tex
File: pgfcoretransparency.code.tex 2021/05/15 v3.1.9a (3.1.9a)
)
(c:/texlive/2022/texmf-dist/tex/generic/pgf/basiclayer/pgfcorepatterns.code.tex
File: pgfcorepatterns.code.tex 2021/05/15 v3.1.9a (3.1.9a)
) (c:/texlive/2022/texmf-dist/tex/generic/pgf/basiclayer/pgfcorerdf.code.tex
File: pgfcorerdf.code.tex 2021/05/15 v3.1.9a (3.1.9a)
))) (c:/texlive/2022/texmf-dist/tex/generic/pgf/modules/pgfmoduleshapes.code.te
x
File: pgfmoduleshapes.code.tex 2021/05/15 v3.1.9a (3.1.9a)
\pgfnodeparttextbox=\box59
)
(c:/texlive/2022/texmf-dist/tex/generic/pgf/modules/pgfmoduleplot.code.tex
File: pgfmoduleplot.code.tex 2021/05/15 v3.1.9a (3.1.9a)
)
(c:/texlive/2022/texmf-dist/tex/latex/pgf/compatibility/pgfcomp-version-0-65.st
y
Package: pgfcomp-version-0-65 2021/05/15 v3.1.9a (3.1.9a)
\pgf@nodesepstart=\dimen191
\pgf@nodesepend=\dimen192
)
(c:/texlive/2022/texmf-dist/tex/latex/pgf/compatibility/pgfcomp-version-1-18.st
y
Package: pgfcomp-version-1-18 2021/05/15 v3.1.9a (3.1.9a)
)) (c:/texlive/2022/texmf-dist/tex/latex/pgf/utilities/pgffor.sty
(c:/texlive/2022/texmf-dist/tex/latex/pgf/utilities/pgfkeys.sty
(c:/texlive/2022/texmf-dist/tex/generic/pgf/utilities/pgfkeys.code.tex))
(c:/texlive/2022/texmf-dist/tex/latex/pgf/math/pgfmath.sty
(c:/texlive/2022/texmf-dist/tex/generic/pgf/math/pgfmath.code.tex))
(c:/texlive/2022/texmf-dist/tex/generic/pgf/utilities/pgffor.code.tex
Package: pgffor 2021/05/15 v3.1.9a (3.1.9a)

(c:/texlive/2022/texmf-dist/tex/generic/pgf/math/pgfmath.code.tex)
\pgffor@iter=\dimen193
\pgffor@skip=\dimen194
\pgffor@stack=\toks34
\pgffor@toks=\toks35
))
(c:/texlive/2022/texmf-dist/tex/generic/pgf/frontendlayer/tikz/tikz.code.tex
Package: tikz 2021/05/15 v3.1.9a (3.1.9a)

(c:/texlive/2022/texmf-dist/tex/generic/pgf/libraries/pgflibraryplothandlers.co
de.tex
File: pgflibraryplothandlers.code.tex 2021/05/15 v3.1.9a (3.1.9a)
\pgf@plot@mark@count=\count279
\pgfplotmarksize=\dimen195
)
\tikz@lastx=\dimen196
\tikz@lasty=\dimen197
\tikz@lastxsaved=\dimen198
\tikz@lastysaved=\dimen199
\tikz@lastmovetox=\dimen256
\tikz@lastmovetoy=\dimen257
\tikzleveldistance=\dimen258
\tikzsiblingdistance=\dimen259
\tikz@figbox=\box60
\tikz@figbox@bg=\box61
\tikz@tempbox=\box62
\tikz@tempbox@bg=\box63
\tikztreelevel=\count280
\tikznumberofchildren=\count281
\tikznumberofcurrentchild=\count282
\tikz@fig@count=\count283

(c:/texlive/2022/texmf-dist/tex/generic/pgf/modules/pgfmodulematrix.code.tex
File: pgfmodulematrix.code.tex 2021/05/15 v3.1.9a (3.1.9a)
\pgfmatrixcurrentrow=\count284
\pgfmatrixcurrentcolumn=\count285
\pgf@matrix@numberofcolumns=\count286
)
\tikz@expandcount=\count287

(c:/texlive/2022/texmf-dist/tex/generic/pgf/frontendlayer/tikz/libraries/tikzli
brarytopaths.code.tex
File: tikzlibrarytopaths.code.tex 2021/05/15 v3.1.9a (3.1.9a)
)))
(c:/texlive/2022/texmf-dist/tex/generic/pgf/frontendlayer/tikz/libraries/tikzli
brarypositioning.code.tex
File: tikzlibrarypositioning.code.tex 2021/05/15 v3.1.9a (3.1.9a)
) (c:/texlive/2022/texmf-dist/tex/latex/tools/calc.sty
Package: calc 2017/05/25 v4.3 Infix arithmetic (KKT,FJ)
\calc@Acount=\count288
\calc@Bcount=\count289
\calc@Adimen=\dimen260
\calc@Bdimen=\dimen261
\calc@Askip=\skip52
\calc@Bskip=\skip53
LaTeX Info: Redefining \setlength on input line 80.
LaTeX Info: Redefining \addtolength on input line 81.
\calc@Ccount=\count290
\calc@Cskip=\skip54
)
\c@@todonotes@numberoftodonotes=\count291
) (c:/texlive/2022/texmf-dist/tex/latex/l3packages/xparse/xparse.sty
(c:/texlive/2022/texmf-dist/tex/latex/l3kernel/expl3.sty
Package: expl3 2022-09-28 L3 programming layer (loader) 

(c:/texlive/2022/texmf-dist/tex/latex/l3backend/l3backend-pdftex.def
File: l3backend-pdftex.def 2022-09-28 L3 backend support: PDF output (pdfTeX)
\l__color_backend_stack_int=\count292
\l__pdf_internal_box=\box64
))
Package: xparse 2022-06-22 L3 Experimental document command parser
)
(c:/texlive/2022/texmf-dist/tex/latex/enumitem/enumitem.sty
Package: enumitem 2019/06/20 v3.9 Customized lists
\labelindent=\skip55
\enit@outerparindent=\dimen262
\enit@toks=\toks36
\enit@inbox=\box65
\enit@count@id=\count293
\enitdp@description=\count294
)
(c:/texlive/2022/texmf-dist/tex/latex/minitoc/minitoc.sty
Package: minitoc 2018/07/12 v62 Package minitoc

(c:/texlive/2022/texmf-dist/tex/latex/minitoc/mtcmess.sty
Package: mtcmess 2006/03/14
)
Package minitoc Info: I0001
(minitoc)             *** minitoc package, version 62 ***.
\tf@mtc=\write4
\mtcindent=\skip56
\mtcskipamount=\skip57
Package minitoc Info: I0005
(minitoc)             compatible with hyperref.
Package minitoc Info: I0023
(minitoc)             part level macros available.
Package minitoc Info: I0003
(minitoc)             chapter level macros available.
\mtc@toks=\toks37
\mtc@strutbox=\box66
\mtc@hstrutbox=\box67
Package minitoc Info: I0002
(minitoc)             Autoconfiguration of extensions.
\openout4 = `report.mtc0'.

\openout4 = `report.mtc'.

 (./report.mtc0)
Package minitoc Info: I0012
(minitoc)             Long extensions (Unix-like) will be used.
Package minitoc Info: I0031
(minitoc)             ==> this version is configured for UNIX-like 
(minitoc)                 (long extensions) file names.
\openout4 = `report.mtc'.

\openout4 = `report.mtc0'.

\c@mtc=\count295
\c@minitocdepth=\count296
\c@ptc=\count297
\c@parttocdepth=\count298
\ptcindent=\skip58
Package minitoc Info: I0010
(minitoc)             The english language is selected.
(minitoc)              on input line 4910.

(c:/texlive/2022/texmf-dist/tex/latex/minitoc/english.mld
File: english.mld 2006/01/13
)
(c:/texlive/2022/texmf-dist/tex/latex/minitoc/english.mld
File: english.mld 2006/01/13
)
Package minitoc Info: I0010
(minitoc)             The english language is selected.
(minitoc)              on input line 4911.

(c:/texlive/2022/texmf-dist/tex/latex/minitoc/english.mld
File: english.mld 2006/01/13
))
(c:/texlive/2022/texmf-dist/tex/latex/fontawesome/fontawesome.sty
Package: fontawesome 2016/05/15 v4.6.3.1 font awesome icons

(c:/texlive/2022/texmf-dist/tex/generic/iftex/ifxetex.sty
Package: ifxetex 2019/10/25 v0.7 ifxetex legacy package. Use iftex instead.
)
(c:/texlive/2022/texmf-dist/tex/generic/iftex/ifluatex.sty
Package: ifluatex 2019/10/25 v1.5 ifluatex legacy package. Use iftex instead.
)
(c:/texlive/2022/texmf-dist/tex/latex/fontawesome/fontawesomesymbols-generic.te
x)
(c:/texlive/2022/texmf-dist/tex/latex/fontawesome/fontawesomesymbols-pdftex.tex
)) (c:/texlive/2022/texmf-dist/tex/latex/advdate/advdate.sty
Package: advdate 1996/10/20 Advance Date Package
\r@k=\count299
\un@r=\count300
\m@l=\count301
\m@s=\count302
\M@s=\count303
)
(c:/texlive/2022/texmf-dist/tex/generic/pdftexcmds/pdftexcmds.sty
Package: pdftexcmds 2020-06-27 v0.33 Utility functions of pdfTeX for LuaTeX (HO
)

(c:/texlive/2022/texmf-dist/tex/generic/infwarerr/infwarerr.sty
Package: infwarerr 2019/12/03 v1.5 Providing info/warning/error messages (HO)
)
(c:/texlive/2022/texmf-dist/tex/generic/ltxcmds/ltxcmds.sty
Package: ltxcmds 2020-05-10 v1.25 LaTeX kernel commands for general use (HO)
)
Package pdftexcmds Info: \pdf@primitive is available.
Package pdftexcmds Info: \pdf@ifprimitive is available.
Package pdftexcmds Info: \pdfdraftmode found.
)
(c:/texlive/2022/texmf-dist/tex/latex/totcount/totcount.sty
Package: totcount 2011/01/25 v1.2 package for gettingthe total value of LaTeX c
ounters
)
(c:/texlive/2022/texmf-dist/tex/latex/lcg/lcg.sty
Package: lcg 2013/08/09 v1.3 generating random numbers
\f@rst=\count304
\l@st=\count305
\cr@nd=\count306
\c@rand=\count307

Smallest possible random number: 0
Largest possible random number: 1000
The pseudo random numbers will be stored in the LaTeX counter `rand'
) (c:/texlive/2022/texmf-dist/tex/latex/pgfplots/pgfplots.sty
(c:/texlive/2022/texmf-dist/tex/generic/pgfplots/pgfplots.revision.tex)
Package: pgfplots 2021/05/15 v1.18.1 Data Visualization (1.18.1)

(c:/texlive/2022/texmf-dist/tex/generic/pgfplots/pgfplots.code.tex
(c:/texlive/2022/texmf-dist/tex/generic/pgfplots/pgfplotscore.code.tex
\t@pgfplots@toka=\toks38
\t@pgfplots@tokb=\toks39
\t@pgfplots@tokc=\toks40
\pgfplots@tmpa=\dimen263
\c@pgfplots@coordindex=\count308
\c@pgfplots@scanlineindex=\count309

(c:/texlive/2022/texmf-dist/tex/generic/pgfplots/sys/pgfplotssysgeneric.code.te
x))
(c:/texlive/2022/texmf-dist/tex/generic/pgfplots/libs/pgfplotslibrary.code.tex)

(c:/texlive/2022/texmf-dist/tex/generic/pgfplots/oldpgfcompatib/pgfplotsoldpgfs
upp_loader.code.tex
(c:/texlive/2022/texmf-dist/tex/generic/pgf/libraries/pgflibraryfpu.code.tex))
(c:/texlive/2022/texmf-dist/tex/generic/pgfplots/util/pgfplotsutil.code.tex
(c:/texlive/2022/texmf-dist/tex/generic/pgfplots/liststructure/pgfplotsliststru
cture.code.tex)
(c:/texlive/2022/texmf-dist/tex/generic/pgfplots/liststructure/pgfplotsliststru
ctureext.code.tex)
(c:/texlive/2022/texmf-dist/tex/generic/pgfplots/liststructure/pgfplotsarray.co
de.tex
\c@pgfplotsarray@tmp=\count310
)
(c:/texlive/2022/texmf-dist/tex/generic/pgfplots/liststructure/pgfplotsmatrix.c
ode.tex)
(c:/texlive/2022/texmf-dist/tex/generic/pgfplots/numtable/pgfplotstableshared.c
ode.tex
\c@pgfplotstable@counta=\count311
\t@pgfplotstable@a=\toks41
)
(c:/texlive/2022/texmf-dist/tex/generic/pgfplots/liststructure/pgfplotsdeque.co
de.tex)
(c:/texlive/2022/texmf-dist/tex/generic/pgfplots/util/pgfplotsbinary.code.tex
(c:/texlive/2022/texmf-dist/tex/generic/pgfplots/util/pgfplotsbinary.data.code.
tex))
(c:/texlive/2022/texmf-dist/tex/generic/pgfplots/util/pgfplotsutil.verb.code.te
x)
(c:/texlive/2022/texmf-dist/tex/generic/pgfplots/libs/pgflibrarypgfplots.surfsh
ading.code.tex
\c@pgfplotslibrarysurf@no=\count312

(c:/texlive/2022/texmf-dist/tex/generic/pgfplots/sys/pgflibrarypgfplots.surfsha
ding.pgfsys-pdftex.def)))
(c:/texlive/2022/texmf-dist/tex/generic/pgfplots/util/pgfplotscolormap.code.tex
(c:/texlive/2022/texmf-dist/tex/generic/pgfplots/util/pgfplotscolor.code.tex))
(c:/texlive/2022/texmf-dist/tex/generic/pgfplots/pgfplotsstackedplots.code.tex)
(c:/texlive/2022/texmf-dist/tex/generic/pgfplots/pgfplotsplothandlers.code.tex
(c:/texlive/2022/texmf-dist/tex/generic/pgfplots/pgfplotsmeshplothandler.code.t
ex
(c:/texlive/2022/texmf-dist/tex/generic/pgfplots/pgfplotsmeshplotimage.code.tex
))) (c:/texlive/2022/texmf-dist/tex/generic/pgfplots/pgfplots.scaling.code.tex)

(c:/texlive/2022/texmf-dist/tex/generic/pgfplots/pgfplotscoordprocessing.code.t
ex)
(c:/texlive/2022/texmf-dist/tex/generic/pgfplots/pgfplots.errorbars.code.tex)
(c:/texlive/2022/texmf-dist/tex/generic/pgfplots/pgfplots.markers.code.tex)
(c:/texlive/2022/texmf-dist/tex/generic/pgfplots/pgfplotsticks.code.tex)
(c:/texlive/2022/texmf-dist/tex/generic/pgfplots/pgfplots.paths.code.tex)
(c:/texlive/2022/texmf-dist/tex/generic/pgf/frontendlayer/tikz/libraries/tikzli
brarydecorations.code.tex
(c:/texlive/2022/texmf-dist/tex/generic/pgf/modules/pgfmoduledecorations.code.t
ex
\pgfdecoratedcompleteddistance=\dimen264
\pgfdecoratedremainingdistance=\dimen265
\pgfdecoratedinputsegmentcompleteddistance=\dimen266
\pgfdecoratedinputsegmentremainingdistance=\dimen267
\pgf@decorate@distancetomove=\dimen268
\pgf@decorate@repeatstate=\count313
\pgfdecorationsegmentamplitude=\dimen269
\pgfdecorationsegmentlength=\dimen270
)
\tikz@lib@dec@box=\box68
)
(c:/texlive/2022/texmf-dist/tex/generic/pgf/frontendlayer/tikz/libraries/tikzli
brarydecorations.pathmorphing.code.tex
(c:/texlive/2022/texmf-dist/tex/generic/pgf/libraries/decorations/pgflibrarydec
orations.pathmorphing.code.tex))
(c:/texlive/2022/texmf-dist/tex/generic/pgf/frontendlayer/tikz/libraries/tikzli
brarydecorations.pathreplacing.code.tex
(c:/texlive/2022/texmf-dist/tex/generic/pgf/libraries/decorations/pgflibrarydec
orations.pathreplacing.code.tex))
(c:/texlive/2022/texmf-dist/tex/generic/pgfplots/libs/tikzlibrarypgfplots.conto
urlua.code.tex)
\pgfplots@numplots=\count314
\pgfplots@xmin@reg=\dimen271
\pgfplots@xmax@reg=\dimen272
\pgfplots@ymin@reg=\dimen273
\pgfplots@ymax@reg=\dimen274
\pgfplots@zmin@reg=\dimen275
\pgfplots@zmax@reg=\dimen276
)
(c:/texlive/2022/texmf-dist/tex/generic/pgf/frontendlayer/tikz/libraries/tikzli
braryplotmarks.code.tex
File: tikzlibraryplotmarks.code.tex 2021/05/15 v3.1.9a (3.1.9a)

(c:/texlive/2022/texmf-dist/tex/generic/pgf/libraries/pgflibraryplotmarks.code.
tex
File: pgflibraryplotmarks.code.tex 2021/05/15 v3.1.9a (3.1.9a)
)))
(c:/texlive/2022/texmf-dist/tex/generic/pgf/frontendlayer/tikz/libraries/tikzli
braryfit.code.tex
File: tikzlibraryfit.code.tex 2021/05/15 v3.1.9a (3.1.9a)
)
\authors=\toks42
\academicyear=\toks43
\casename=\toks44
\phasename=\toks45
\phasenumber=\toks46
\groupname=\toks47
\course=\toks48
\department=\toks49
\g_author_size_int=\count315
\l_author_count_int=\count316

Random number generator initialized to 302059
\c@InstructionCounter=\count317
\c@InstructionCounter@totc=\count318
) (c:/texlive/2022/texmf-dist/tex/latex/caption/caption.sty
Package: caption 2022/03/01 v3.6b Customizing captions (AR)

(c:/texlive/2022/texmf-dist/tex/latex/caption/caption3.sty
Package: caption3 2022/03/17 v2.3b caption3 kernel (AR)
\caption@tempdima=\dimen277
\captionmargin=\dimen278
\caption@leftmargin=\dimen279
\caption@rightmargin=\dimen280
\caption@width=\dimen281
\caption@indent=\dimen282
\caption@parindent=\dimen283
\caption@hangindent=\dimen284
Package caption Info: Standard document class detected.
)
\c@caption@flags=\count319
\c@continuedfloat=\count320
)
(c:/texlive/2022/texmf-dist/tex/latex/graphics/rotating.sty
Package: rotating 2016/08/11 v2.16d rotated objects in LaTeX
\c@r@tfl@t=\count321
\rotFPtop=\skip59
\rotFPbot=\skip60
\rot@float@box=\box69
\rot@mess@toks=\toks50
)
(c:/texlive/2022/texmf-dist/tex/latex/pdflscape/pdflscape.sty
Package: pdflscape 2019/12/05 v0.12 Display of landscape pages in PDF (HO)

(c:/texlive/2022/texmf-dist/tex/latex/graphics/lscape.sty
Package: lscape 2020/05/28 v3.02 Landscape Pages (DPC)
)
Package pdflscape Info: Auto-detected driver: pdftex on input line 81.
)
(c:/texlive/2022/texmf-dist/tex/latex/hyperref/hyperref.sty
Package: hyperref 2022-09-22 v7.00t Hypertext links for LaTeX

(c:/texlive/2022/texmf-dist/tex/generic/kvsetkeys/kvsetkeys.sty
Package: kvsetkeys 2019/12/15 v1.18 Key value parser (HO)
)
(c:/texlive/2022/texmf-dist/tex/generic/kvdefinekeys/kvdefinekeys.sty
Package: kvdefinekeys 2019-12-19 v1.6 Define keys (HO)
)
(c:/texlive/2022/texmf-dist/tex/generic/pdfescape/pdfescape.sty
Package: pdfescape 2019/12/09 v1.15 Implements pdfTeX's escape features (HO)
)
(c:/texlive/2022/texmf-dist/tex/latex/hycolor/hycolor.sty
Package: hycolor 2020-01-27 v1.10 Color options for hyperref/bookmark (HO)
)
(c:/texlive/2022/texmf-dist/tex/latex/letltxmacro/letltxmacro.sty
Package: letltxmacro 2019/12/03 v1.6 Let assignment for LaTeX macros (HO)
)
(c:/texlive/2022/texmf-dist/tex/latex/auxhook/auxhook.sty
Package: auxhook 2019-12-17 v1.6 Hooks for auxiliary files (HO)
)
(c:/texlive/2022/texmf-dist/tex/latex/hyperref/nameref.sty
Package: nameref 2022-05-17 v2.50 Cross-referencing by name of section

(c:/texlive/2022/texmf-dist/tex/latex/refcount/refcount.sty
Package: refcount 2019/12/15 v3.6 Data extraction from label references (HO)
)
(c:/texlive/2022/texmf-dist/tex/generic/gettitlestring/gettitlestring.sty
Package: gettitlestring 2019/12/15 v1.6 Cleanup title references (HO)

(c:/texlive/2022/texmf-dist/tex/latex/kvoptions/kvoptions.sty
Package: kvoptions 2022-06-15 v3.15 Key value format for package options (HO)
))
\c@section@level=\count322
)
\@linkdim=\dimen285
\Hy@linkcounter=\count323
\Hy@pagecounter=\count324

(c:/texlive/2022/texmf-dist/tex/latex/hyperref/pd1enc.def
File: pd1enc.def 2022-09-22 v7.00t Hyperref: PDFDocEncoding definition (HO)
Now handling font encoding PD1 ...
... no UTF-8 mapping file for font encoding PD1
)
(c:/texlive/2022/texmf-dist/tex/generic/intcalc/intcalc.sty
Package: intcalc 2019/12/15 v1.3 Expandable calculations with integers (HO)
)
(c:/texlive/2022/texmf-dist/tex/generic/etexcmds/etexcmds.sty
Package: etexcmds 2019/12/15 v1.7 Avoid name clashes with e-TeX commands (HO)
)
\Hy@SavedSpaceFactor=\count325

(c:/texlive/2022/texmf-dist/tex/latex/hyperref/puenc.def
File: puenc.def 2022-09-22 v7.00t Hyperref: PDF Unicode definition (HO)
Now handling font encoding PU ...
... no UTF-8 mapping file for font encoding PU
)
Package hyperref Info: Hyper figures OFF on input line 4162.
Package hyperref Info: Link nesting OFF on input line 4167.
Package hyperref Info: Hyper index ON on input line 4170.
Package hyperref Info: Plain pages OFF on input line 4177.
Package hyperref Info: Backreferencing OFF on input line 4182.
Package hyperref Info: Implicit mode ON; LaTeX internals redefined.
Package hyperref Info: Bookmarks ON on input line 4410.
\c@Hy@tempcnt=\count326

(c:/texlive/2022/texmf-dist/tex/latex/url/url.sty
\Urlmuskip=\muskip16
Package: url 2013/09/16  ver 3.4  Verb mode for urls, etc.
)
LaTeX Info: Redefining \url on input line 4748.
\XeTeXLinkMargin=\dimen286

(c:/texlive/2022/texmf-dist/tex/generic/bitset/bitset.sty
Package: bitset 2019/12/09 v1.3 Handle bit-vector datatype (HO)

(c:/texlive/2022/texmf-dist/tex/generic/bigintcalc/bigintcalc.sty
Package: bigintcalc 2019/12/15 v1.5 Expandable calculations on big integers (HO
)
))
\Fld@menulength=\count327
\Field@Width=\dimen287
\Fld@charsize=\dimen288
Package hyperref Info: Hyper figures OFF on input line 6027.
Package hyperref Info: Link nesting OFF on input line 6032.
Package hyperref Info: Hyper index ON on input line 6035.
Package hyperref Info: backreferencing OFF on input line 6042.
Package hyperref Info: Link coloring OFF on input line 6047.
Package hyperref Info: Link coloring with OCG OFF on input line 6052.
Package hyperref Info: PDF/A mode OFF on input line 6057.

(c:/texlive/2022/texmf-dist/tex/latex/base/atbegshi-ltx.sty
Package: atbegshi-ltx 2021/01/10 v1.0c Emulation of the original atbegshi
package with kernel methods
)
\Hy@abspage=\count328
\c@Item=\count329
\c@Hfootnote=\count330
)
Package hyperref Info: Driver (autodetected): hpdftex.

(c:/texlive/2022/texmf-dist/tex/latex/hyperref/hpdftex.def
File: hpdftex.def 2022-09-22 v7.00t Hyperref driver for pdfTeX

(c:/texlive/2022/texmf-dist/tex/latex/base/atveryend-ltx.sty
Package: atveryend-ltx 2020/08/19 v1.0a Emulation of the original atveryend pac
kage
with kernel methods
)
\Fld@listcount=\count331
\c@bookmark@seq@number=\count332

(c:/texlive/2022/texmf-dist/tex/latex/rerunfilecheck/rerunfilecheck.sty
Package: rerunfilecheck 2022-07-10 v1.10 Rerun checks for auxiliary files (HO)

(c:/texlive/2022/texmf-dist/tex/generic/uniquecounter/uniquecounter.sty
Package: uniquecounter 2019/12/15 v1.4 Provide unlimited unique counter (HO)
)
Package uniquecounter Info: New unique counter `rerunfilecheck' on input line 2
85.
)
\Hy@SectionHShift=\skip61
)
(c:/texlive/2022/texmf-dist/tex/latex/cleveref/cleveref.sty
Package: cleveref 2018/03/27 v0.21.4 Intelligent cross-referencing
Package cleveref Info: `hyperref' support loaded on input line 2370.
LaTeX Info: Redefining \cref on input line 2370.
LaTeX Info: Redefining \Cref on input line 2370.
LaTeX Info: Redefining \crefrange on input line 2370.
LaTeX Info: Redefining \Crefrange on input line 2370.
LaTeX Info: Redefining \cpageref on input line 2370.
LaTeX Info: Redefining \Cpageref on input line 2370.
LaTeX Info: Redefining \cpagerefrange on input line 2370.
LaTeX Info: Redefining \Cpagerefrange on input line 2370.
LaTeX Info: Redefining \labelcref on input line 2370.
LaTeX Info: Redefining \labelcpageref on input line 2370.
Package cleveref Info: sorting but not compressing references on input line 785
2.
)
(c:/texlive/2022/texmf-dist/tex/generic/pgf/frontendlayer/tikz/libraries/tikzli
braryarrows.code.tex
File: tikzlibraryarrows.code.tex 2021/05/15 v3.1.9a (3.1.9a)

(c:/texlive/2022/texmf-dist/tex/generic/pgf/libraries/pgflibraryarrows.code.tex
File: pgflibraryarrows.code.tex 2021/05/15 v3.1.9a (3.1.9a)
\arrowsize=\dimen289
))
(c:/texlive/2022/texmf-dist/tex/generic/pgf/frontendlayer/tikz/libraries/tikzli
brarycalc.code.tex
File: tikzlibrarycalc.code.tex 2021/05/15 v3.1.9a (3.1.9a)
)
\c@adlisti=\count333
\enitdp@adlist=\count334
 (./report.aux)
\openout1 = `report.aux'.

LaTeX Font Info:    Checking defaults for OML/cmm/m/it on input line 96.
LaTeX Font Info:    ... okay on input line 96.
LaTeX Font Info:    Checking defaults for OMS/cmsy/m/n on input line 96.
LaTeX Font Info:    ... okay on input line 96.
LaTeX Font Info:    Checking defaults for OT1/cmr/m/n on input line 96.
LaTeX Font Info:    ... okay on input line 96.
LaTeX Font Info:    Checking defaults for T1/cmr/m/n on input line 96.
LaTeX Font Info:    ... okay on input line 96.
LaTeX Font Info:    Checking defaults for TS1/cmr/m/n on input line 96.
LaTeX Font Info:    ... okay on input line 96.
LaTeX Font Info:    Checking defaults for OMX/cmex/m/n on input line 96.
LaTeX Font Info:    ... okay on input line 96.
LaTeX Font Info:    Checking defaults for U/cmr/m/n on input line 96.
LaTeX Font Info:    ... okay on input line 96.
LaTeX Font Info:    Checking defaults for PD1/pdf/m/n on input line 96.
LaTeX Font Info:    ... okay on input line 96.
LaTeX Font Info:    Checking defaults for PU/pdf/m/n on input line 96.
LaTeX Font Info:    ... okay on input line 96.

(c:/texlive/2022/texmf-dist/tex/context/base/mkii/supp-pdf.mkii
[Loading MPS to PDF converter (version 2006.09.02).]
\scratchcounter=\count335
\scratchdimen=\dimen290
\scratchbox=\box70
\nofMPsegments=\count336
\nofMParguments=\count337
\everyMPshowfont=\toks51
\MPscratchCnt=\count338
\MPscratchDim=\dimen291
\MPnumerator=\count339
\makeMPintoPDFobject=\count340
\everyMPtoPDFconversion=\toks52
) (c:/texlive/2022/texmf-dist/tex/latex/epstopdf-pkg/epstopdf-base.sty
Package: epstopdf-base 2020-01-24 v2.11 Base part for package epstopdf

(c:/texlive/2022/texmf-dist/tex/latex/grfext/grfext.sty
Package: grfext 2019/12/03 v1.3 Manage graphics extensions (HO)
)
Package epstopdf-base Info: Redefining graphics rule for `.eps' on input line 4
85.
Package grfext Info: Graphics extension search list:
(grfext)             [.pdf,.png,.jpg,.mps,.jpeg,.jbig2,.jb2,.PDF,.PNG,.JPG,.JPE
G,.JBIG2,.JB2,.eps]
(grfext)             \AppendGraphicsExtensions on input line 504.

(c:/texlive/2022/texmf-dist/tex/latex/latexconfig/epstopdf-sys.cfg
File: epstopdf-sys.cfg 2010/07/13 v1.3 Configuration of (r)epstopdf for TeX Liv
e
))
*geometry* driver: auto-detecting
*geometry* detected driver: pdftex
*geometry* verbose mode - [ preamble ] result:
* driver: pdftex
* paper: a4paper
* layout: <same size as paper>
* layoutoffset:(h,v)=(0.0pt,0.0pt)
* modes: 
* h-part:(L,W,R)=(62.59596pt, 478.00641pt, 56.9055pt)
* v-part:(T,H,B)=(85.35826pt, 697.09262pt, 62.59596pt)
* \paperwidth=597.50787pt
* \paperheight=845.04684pt
* \textwidth=478.00641pt
* \textheight=697.09262pt
* \oddsidemargin=-9.67403pt
* \evensidemargin=-9.67403pt
* \topmargin=-23.91173pt
* \headheight=12.0pt
* \headsep=25.0pt
* \topskip=10.0pt
* \footskip=30.0pt
* \marginparwidth=57.0pt
* \marginparsep=11.0pt
* \columnsep=10.0pt
* \skip\footins=9.0pt plus 4.0pt minus 2.0pt
* \hoffset=0.0pt
* \voffset=0.0pt
* \mag=1000
* \@twocolumnfalse
* \@twosidefalse
* \@mparswitchfalse
* \@reversemarginfalse
* (1in=72.27pt=25.4mm, 1cm=28.453pt)

Package minitoc(hints) Info: I0049
(minitoc(hints))             ==> You requested the hints option. 
(minitoc(hints))             Some hints are eventually given below.

Package minitoc(hints) Warning: W0030
(minitoc(hints))                --- The \part command is altered 
(minitoc(hints))                after minitoc.


Package minitoc(hints) Warning: W0023
(minitoc(hints))                --- It may be the consequence 
(minitoc(hints))                of loading the ``hyperref'' package.


Package minitoc(hints) Warning: W0028
(minitoc(hints))                --- The \chapter command is altered 
(minitoc(hints))                after minitoc.


Package minitoc(hints) Warning: W0023
(minitoc(hints))                --- It may be the consequence 
(minitoc(hints))                of loading the ``hyperref'' package.


Package pgfplots Warning: running in backwards compatibility mode (unsuitable t
ick labels; missing features). Consider writing \pgfplotsset{compat=1.18} into 
your preamble.
 on input line 96.

Package minitoc Info: I0034
(minitoc)             PREPARING MINILOFS FROM report.lof on input line 96.
Package minitoc Info: I0033
(minitoc)             Writing report.mlf1.
\openout4 = `report.mlf1'.

Package minitoc Info: I0033
(minitoc)             Writing report.mlf2.
\openout4 = `report.mlf2'.

Package minitoc Info: I0033
(minitoc)             Writing report.mlf3.
\openout4 = `report.mlf3'.

Package minitoc Info: I0033
(minitoc)             Writing report.mlf4.
\openout4 = `report.mlf4'.

Package minitoc Info: I0033
(minitoc)             Writing report.mlf5.
\openout4 = `report.mlf5'.

Package minitoc Info: I0033
(minitoc)             Writing report.mlf6.
\openout4 = `report.mlf6'.

Package minitoc Info: I0033
(minitoc)             Writing report.mlf7.
\openout4 = `report.mlf7'.

Package minitoc Info: I0033
(minitoc)             Writing report.mlf8.
\openout4 = `report.mlf8'.

Package minitoc Info: I0033
(minitoc)             Writing report.mlf9.
\openout4 = `report.mlf9'.

\tf@lof=\write5
\openout5 = `report.lof'.

Package caption Info: Begin \AtBeginDocument code.
Package caption Info: hyperref package is loaded.
Package caption Info: rotating package is loaded.
Package caption Info: End \AtBeginDocument code.
Package hyperref Info: Link coloring OFF on input line 96.
(./report.out) (./report.out)
\@outlinefile=\write6
\openout6 = `report.out'.

<KULeuven.pdf, id=485, 724.7075pt x 255.95625pt>
File: KULeuven.pdf Graphic file (type pdf)
<use KULeuven.pdf>
Package pdftex.def Info: KULeuven.pdf  used on input line 98.
(pdftex.def)             Requested size: 157.74298pt x 55.70908pt.
LaTeX Font Info:    Trying to load font information for T1+cmss on input line 9
8.

(c:/texlive/2022/texmf-dist/tex/latex/base/t1cmss.fd
File: t1cmss.fd 2019/12/16 v2.5j Standard LaTeX font definitions
)
LaTeX Font Info:    External font `cmex10' loaded for size
(Font)              <7> on input line 98.
LaTeX Font Info:    External font `cmex10' loaded for size
(Font)              <5> on input line 98.

Overfull \hbox (13.20479pt too wide) in paragraph at lines 98--98
[][]
 []


Underfull \hbox (badness 10000) in paragraph at lines 98--98

 []


Overfull \hbox (2.22166pt too wide) in paragraph at lines 98--98
[] [] 
 []

[1

{c:/texlive/2022/texmf-var/fonts/map/pdftex/updmap/pdftex.map} <./KULeuven.pdf>
] (./report.toc
Package cleveref Info: loaded `english' language definitions on input line 1.
 [1

] [2])
\tf@toc=\write7
\openout7 = `report.toc'.

Package minitoc(hints) Info: I0045
(minitoc(hints))             The \dominilof command 
(minitoc(hints))             has been invoked more than once 
(minitoc(hints))              on input line 102.
Package minitoc Info: I0034
(minitoc)             PREPARING MINILOFS FROM report.lof on input line 102.
\tf@lof=\write8
\openout8 = `report.lof'.

 (./rationale.tex [3]
Chapter 1.
[4

]
Chapter 2.
LaTeX Font Info:    Trying to load font information for T1+cmvtt on input line 
27.
(c:/texlive/2022/texmf-dist/tex/latex/base/t1cmvtt.fd
File: t1cmvtt.fd 2019/12/16 v2.5j Standard LaTeX font definitions
) [5

] [6]
Overfull \hbox (5.69043pt too wide) in paragraph at lines 125--126
[] 
 []


Overfull \hbox (4.91252pt too wide) in paragraph at lines 127--127
[]\T1/cmr/bx/n/14.4 Qual2: Com-mu-ni-ca-tion be-tween pa-tient gate-ways and PM
S back-
 []

[7] [8] [9] [10]
Chapter 3.
[11

]
Chapter 4.
) (./diagrams.tex
\txtheight=\skip62
 [12

]
Appendix A.
\openout4 = `report.mtc'.

\openout4 = `report.mtc'.

LaTeX Font Info:    External font `cmex10' loaded for size
(Font)              <9> on input line 32.
LaTeX Font Info:    External font `cmex10' loaded for size
(Font)              <6> on input line 32.
(./report.mlf5)
<./images//ComponentDiagram-Context-diagram-for-the-client-server-view.pdf, id=
771, 1083.04625pt x 599.23875pt>
File: ./images//ComponentDiagram-Context-diagram-for-the-client-server-view.pdf
 Graphic file (type pdf)
<use ./images//ComponentDiagram-Context-diagram-for-the-client-server-view.pdf>

Package pdftex.def Info: ./images//ComponentDiagram-Context-diagram-for-the-cli
ent-server-view.pdf  used on input line 39.
(pdftex.def)             Requested size: 478.00641pt x 264.4705pt.
<./images//ComponentDiagram-Primary-diagram-of-the-client-server-view.pdf, id=7
72, 1293.83376pt x 697.10437pt>
File: ./images//ComponentDiagram-Primary-diagram-of-the-client-server-view.pdf 
Graphic file (type pdf)
<use ./images//ComponentDiagram-Primary-diagram-of-the-client-server-view.pdf>
Package pdftex.def Info: ./images//ComponentDiagram-Primary-diagram-of-the-clie
nt-server-view.pdf  used on input line 49.
(pdftex.def)             Requested size: 478.00641pt x 257.54164pt.
 [13

 <./images//ComponentDiagram-Context-diagram-for-the-client-server-view.pdf, pa
ge is rotated 90 degrees>] [14 <./images//ComponentDiagram-Primary-diagram-of-t
he-client-server-view.pdf, page is rotated 90 degrees>]
Appendix B.
\openout4 = `report.mtc'.

\openout4 = `report.mtc'.

(./report.mlf6)
<./images//ComponentDiagram-Context-diagram-for-the-decomposition-view.pdf, id=
795, 560.0925pt x 247.92625pt>
File: ./images//ComponentDiagram-Context-diagram-for-the-decomposition-view.pdf
 Graphic file (type pdf)
<use ./images//ComponentDiagram-Context-diagram-for-the-decomposition-view.pdf>

Package pdftex.def Info: ./images//ComponentDiagram-Context-diagram-for-the-dec
omposition-view.pdf  used on input line 69.
(pdftex.def)             Requested size: 478.00641pt x 211.60083pt.
<./images//ComponentDiagram-Decomposition-Third-Party-Apps.pdf, id=796, 528.976
26pt x 504.88625pt>
File: ./images//ComponentDiagram-Decomposition-Third-Party-Apps.pdf Graphic fil
e (type pdf)
<use ./images//ComponentDiagram-Decomposition-Third-Party-Apps.pdf>
Package pdftex.def Info: ./images//ComponentDiagram-Decomposition-Third-Party-A
pps.pdf  used on input line 79.
(pdftex.def)             Requested size: 478.00641pt x 456.24236pt.
<./images//ComponentDiagram-Decomposition-of-the-MLModelManager.pdf, id=797, 81
2.03375pt x 275.0275pt>
File: ./images//ComponentDiagram-Decomposition-of-the-MLModelManager.pdf Graphi
c file (type pdf)
<use ./images//ComponentDiagram-Decomposition-of-the-MLModelManager.pdf>
Package pdftex.def Info: ./images//ComponentDiagram-Decomposition-of-the-MLMode
lManager.pdf  used on input line 87.
(pdftex.def)             Requested size: 478.00641pt x 161.89551pt.
<./images//ComponentDiagram-Decomposition-of-the-RiskEstimationProcessor.pdf, i
d=798, 714.67pt x 342.27875pt>
File: ./images//ComponentDiagram-Decomposition-of-the-RiskEstimationProcessor.p
df Graphic file (type pdf)
<use ./images//ComponentDiagram-Decomposition-of-the-RiskEstimationProcessor.pd
f>
Package pdftex.def Info: ./images//ComponentDiagram-Decomposition-of-the-RiskEs
timationProcessor.pdf  used on input line 95.
(pdftex.def)             Requested size: 478.00641pt x 228.93385pt.
<./images//ComponentDiagram-Patient-Gateway-App-Component-Diagram.pdf, id=799, 
1047.915pt x 444.66125pt>
File: ./images//ComponentDiagram-Patient-Gateway-App-Component-Diagram.pdf Grap
hic file (type pdf)
<use ./images//ComponentDiagram-Patient-Gateway-App-Component-Diagram.pdf>
Package pdftex.def Info: ./images//ComponentDiagram-Patient-Gateway-App-Compone
nt-Diagram.pdf  used on input line 103.
(pdftex.def)             Requested size: 478.00641pt x 202.83005pt.
 [15

 <./images//ComponentDiagram-Context-diagram-for-the-decomposition-view.pdf, pa
ge is rotated 90 degrees>] [16 <./images//ComponentDiagram-Decomposition-Third-
Party-Apps.pdf, page is rotated 90 degrees> <./images//ComponentDiagram-Decompo
sition-of-the-MLModelManager.pdf, page is rotated 90 degrees>] [17 <./images//C
omponentDiagram-Decomposition-of-the-RiskEstimationProcessor.pdf, page is rotat
ed 90 degrees> <./images//ComponentDiagram-Patient-Gateway-App-Component-Diagra
m.pdf, page is rotated 90 degrees>]
Appendix C.
\openout4 = `report.mtc'.

\openout4 = `report.mtc'.

(./report.mlf7)
<./images//DeploymentDiagram-Context-diagram-for-the-deployment-view.pdf, id=83
6, 801.99625pt x 224.84pt>
File: ./images//DeploymentDiagram-Context-diagram-for-the-deployment-view.pdf G
raphic file (type pdf)
<use ./images//DeploymentDiagram-Context-diagram-for-the-deployment-view.pdf>
Package pdftex.def Info: ./images//DeploymentDiagram-Context-diagram-for-the-de
ployment-view.pdf  used on input line 120.
(pdftex.def)             Requested size: 478.00641pt x 134.01303pt.
<./images//DeploymentDiagram-Primary-deployment-diagram.pdf, id=837, 1195.46625
pt x 845.1575pt>
File: ./images//DeploymentDiagram-Primary-deployment-diagram.pdf Graphic file (
type pdf)
<use ./images//DeploymentDiagram-Primary-deployment-diagram.pdf>
Package pdftex.def Info: ./images//DeploymentDiagram-Primary-deployment-diagram
.pdf  used on input line 130.
(pdftex.def)             Requested size: 478.00641pt x 337.94095pt.
<./images//DeploymentDiagram-Pilot-Deployment-200-patients-5-clin-models-.pdf, 
id=838, 1213.53375pt x 939.51pt>
File: ./images//DeploymentDiagram-Pilot-Deployment-200-patients-5-clin-models-.
pdf Graphic file (type pdf)
<use ./images//DeploymentDiagram-Pilot-Deployment-200-patients-5-clin-models-.p
df>
Package pdftex.def Info: ./images//DeploymentDiagram-Pilot-Deployment-200-patie
nts-5-clin-models-.pdf  used on input line 142.
(pdftex.def)             Requested size: 478.00641pt x 370.07738pt.
<./images//DeploymentDiagram-Development-Test-Deployment-20-patients-3-clin-mod
els-.pdf, id=839, 831.105pt x 969.6225pt>
File: ./images//DeploymentDiagram-Development-Test-Deployment-20-patients-3-cli
n-models-.pdf Graphic file (type pdf)
<use ./images//DeploymentDiagram-Development-Test-Deployment-20-patients-3-clin
-models-.pdf>
Package pdftex.def Info: ./images//DeploymentDiagram-Development-Test-Deploymen
t-20-patients-3-clin-models-.pdf  used on input line 152.
(pdftex.def)             Requested size: 478.00641pt x 557.67656pt.
 [18

 <./images//DeploymentDiagram-Context-diagram-for-the-deployment-view.pdf, page
 is rotated 90 degrees>] [19 <./images//DeploymentDiagram-Primary-deployment-di
agram.pdf, page is rotated 90 degrees>] [20 <./images//DeploymentDiagram-Pilot-
Deployment-200-patients-5-clin-models-.pdf, page is rotated 90 degrees>] [21 <.
/images//DeploymentDiagram-Development-Test-Deployment-20-patients-3-clin-model
s-.pdf, page is rotated 90 degrees>]
Appendix D.
\openout4 = `report.mtc'.

\openout4 = `report.mtc'.

(./report.mlf8) [22

]
<./images//InteractionDiagram-Risk-estimation-process.pdf, id=909, 1671.24374pt
 x 601.24625pt>
File: ./images//InteractionDiagram-Risk-estimation-process.pdf Graphic file (ty
pe pdf)
<use ./images//InteractionDiagram-Risk-estimation-process.pdf>
Package pdftex.def Info: ./images//InteractionDiagram-Risk-estimation-process.p
df  used on input line 172.
(pdftex.def)             Requested size: 697.09262pt x 250.78775pt.
 [23

 <./images//InteractionDiagram-Risk-estimation-process.pdf, page is rotated 90 
degrees>]
<./images//InteractionDiagram-Compute-clinical-model-result.pdf, id=926, 1384.1
7125pt x 695.59875pt>
File: ./images//InteractionDiagram-Compute-clinical-model-result.pdf Graphic fi
le (type pdf)
<use ./images//InteractionDiagram-Compute-clinical-model-result.pdf>
Package pdftex.def Info: ./images//InteractionDiagram-Compute-clinical-model-re
sult.pdf  used on input line 189.
(pdftex.def)             Requested size: 478.00641pt x 240.21533pt.
<./images//InteractionDiagram-MLModel-Synchronization.pdf, id=944, 1280.785pt x
 521.95pt>
File: ./images//InteractionDiagram-MLModel-Synchronization.pdf Graphic file (ty
pe pdf)
<use ./images//InteractionDiagram-MLModel-Synchronization.pdf>
Package pdftex.def Info: ./images//InteractionDiagram-MLModel-Synchronization.p
df  used on input line 210.
(pdftex.def)             Requested size: 478.00641pt x 194.79097pt.
<./images//InteractionDiagram-Processing-MLModel-updates.pdf, id=963, 1358.0737
5pt x 842.14626pt>
File: ./images//InteractionDiagram-Processing-MLModel-updates.pdf Graphic file 
(type pdf)
<use ./images//InteractionDiagram-Processing-MLModel-updates.pdf>
Package pdftex.def Info: ./images//InteractionDiagram-Processing-MLModel-update
s.pdf  used on input line 228.
(pdftex.def)             Requested size: 478.00641pt x 296.41327pt.
<./images//InteractionDiagram-Combining-ClinicalModelJob-results.pdf, id=984, 1
009.7725pt x 247.92625pt>
File: ./images//InteractionDiagram-Combining-ClinicalModelJob-results.pdf Graph
ic file (type pdf)
<use ./images//InteractionDiagram-Combining-ClinicalModelJob-results.pdf>
Package pdftex.def Info: ./images//InteractionDiagram-Combining-ClinicalModelJo
b-results.pdf  used on input line 248.
(pdftex.def)             Requested size: 478.00641pt x 117.36519pt.
 [24

 <./images//InteractionDiagram-Compute-clinical-model-result.pdf, page is rotat
ed 90 degrees> <./images//InteractionDiagram-MLModel-Synchronization.pdf, page 
is rotated 90 degrees>] [25 <./images//InteractionDiagram-Processing-MLModel-up
dates.pdf, page is rotated 90 degrees> <./images//InteractionDiagram-Combining-
ClinicalModelJob-results.pdf, page is rotated 90 degrees>]
<./images//InteractionDiagram-Third-party-polling.pdf, id=1011, 1830.84pt x 528
.97626pt>
File: ./images//InteractionDiagram-Third-party-polling.pdf Graphic file (type p
df)
<use ./images//InteractionDiagram-Third-party-polling.pdf>
Package pdftex.def Info: ./images//InteractionDiagram-Third-party-polling.pdf  
used on input line 262.
(pdftex.def)             Requested size: 697.09262pt x 201.40857pt.
 [26

 <./images//InteractionDiagram-Third-party-polling.pdf, page is rotated 90 degr
ees>]
<./images//InteractionDiagram-Store-tokens.pdf, id=1023, 537.00626pt x 189.7087
6pt>
File: ./images//InteractionDiagram-Store-tokens.pdf Graphic file (type pdf)
<use ./images//InteractionDiagram-Store-tokens.pdf>
Package pdftex.def Info: ./images//InteractionDiagram-Store-tokens.pdf  used on
 input line 277.
(pdftex.def)             Requested size: 478.00641pt x 168.8663pt.
<./images//InteractionDiagram-Update-gateway-push-wait-time.pdf, id=1026, 1474.
50874pt x 196.735pt>
File: ./images//InteractionDiagram-Update-gateway-push-wait-time.pdf Graphic fi
le (type pdf)
<use ./images//InteractionDiagram-Update-gateway-push-wait-time.pdf>
Package pdftex.def Info: ./images//InteractionDiagram-Update-gateway-push-wait-
time.pdf  used on input line 292.
(pdftex.def)             Requested size: 478.00641pt x 63.776pt.
 [27

 <./images//InteractionDiagram-Store-tokens.pdf, page is rotated 90 degrees> <.
/images//InteractionDiagram-Update-gateway-push-wait-time.pdf, page is rotated 
90 degrees>]
<./images//InteractionDiagram-av2-Communication-channel-between-PMS-and-PG-goes
-down-Detection-by-time-out-Back-end-.pdf, id=1039, 1520.68124pt x 1012.78375pt
>
File: ./images//InteractionDiagram-av2-Communication-channel-between-PMS-and-PG
-goes-down-Detection-by-time-out-Back-end-.pdf Graphic file (type pdf)
<use ./images//InteractionDiagram-av2-Communication-channel-between-PMS-and-PG-
goes-down-Detection-by-time-out-Back-end-.pdf>
Package pdftex.def Info: ./images//InteractionDiagram-av2-Communication-channel
-between-PMS-and-PG-goes-down-Detection-by-time-out-Back-end-.pdf  used on inpu
t line 307.
(pdftex.def)             Requested size: 697.09262pt x 464.27899pt.

Overfull \hbox (12.82022pt too wide) in paragraph at lines 314--315
 [][] 
 []


LaTeX Warning: Float too large for page by 8.67256pt on input line 316.

[28 <./images//InteractionDiagram-av2-Communication-channel-between-PMS-and-PG-
goes-down-Detection-by-time-out-Back-end-.pdf, page is rotated 90 degrees>]

LaTeX Warning: File `InteractionDiagram-Third-Party-New-Data.pdf' not found on 
input line 323.


! Package pdftex.def Error: File `InteractionDiagram-Third-Party-New-Data.pdf' 
not found: using draft setting.

See the pdftex.def package documentation for explanation.
Type  H <return>  for immediate help.
 ...                                              
                                                  
l.323 ...eractionDiagram-Third-Party-New-Data.pdf}
                                                  };
Try typing  <return>  to proceed.
If that doesn't work, type  X <return>  to quit.

[29


]
<./images//InteractionDiagram-Incoming-sensor-data.pdf, id=1062, 1843.88875pt x
 615.29875pt>
File: ./images//InteractionDiagram-Incoming-sensor-data.pdf Graphic file (type 
pdf)
<use ./images//InteractionDiagram-Incoming-sensor-data.pdf>
Package pdftex.def Info: ./images//InteractionDiagram-Incoming-sensor-data.pdf 
 used on input line 339.
(pdftex.def)             Requested size: 697.09262pt x 232.6142pt.
 [30

 <./images//InteractionDiagram-Incoming-sensor-data.pdf, page is rotated 90 deg
rees>]

LaTeX Warning: File `InteractionDiagram-Patient-gateway-fails.pdf' not found on
 input line 358.


! Package pdftex.def Error: File `InteractionDiagram-Patient-gateway-fails.pdf'
 not found: using draft setting.

See the pdftex.def package documentation for explanation.
Type  H <return>  for immediate help.
 ...                                              
                                                  
l.358 ...ractionDiagram-Patient-gateway-fails.pdf}
                                                  };
Try typing  <return>  to proceed.
If that doesn't work, type  X <return>  to quit.


LaTeX Warning: File `InteractionDiagram-Degraded-Mode.pdf' not found on input l
ine 376.


! Package pdftex.def Error: File `InteractionDiagram-Degraded-Mode.pdf' not fou
nd: using draft setting.

See the pdftex.def package documentation for explanation.
Type  H <return>  for immediate help.
 ...                                              
                                                  
l.376 ...h}]{InteractionDiagram-Degraded-Mode.pdf}
                                                  };
Try typing  <return>  to proceed.
If that doesn't work, type  X <return>  to quit.

<./images//InteractionDiagram-av2-Communication-channel-between-PMS-and-PG-goes
-down-Detection-during-Communication-App-Side-.pdf, id=1089, 801.99625pt x 1050
.92625pt>
File: ./images//InteractionDiagram-av2-Communication-channel-between-PMS-and-PG
-goes-down-Detection-during-Communication-App-Side-.pdf Graphic file (type pdf)

<use ./images//InteractionDiagram-av2-Communication-channel-between-PMS-and-PG-
goes-down-Detection-during-Communication-App-Side-.pdf>
Package pdftex.def Info: ./images//InteractionDiagram-av2-Communication-channel
-between-PMS-and-PG-goes-down-Detection-during-Communication-App-Side-.pdf  use
d on input line 391.
(pdftex.def)             Requested size: 478.00641pt x 626.39131pt.

Overfull \hbox (31.54137pt too wide) in paragraph at lines 400--401
 [][] 
 []


LaTeX Warning: File `InteractionDiagram-Ping.pdf' not found on input line 409.


! Package pdftex.def Error: File `InteractionDiagram-Ping.pdf' not found: using
 draft setting.

See the pdftex.def package documentation for explanation.
Type  H <return>  for immediate help.
 ...                                              
                                                  
l.409 ...\textwidth}]{InteractionDiagram-Ping.pdf}
                                                  };
Try typing  <return>  to proceed.
If that doesn't work, type  X <return>  to quit.


LaTeX Warning: File `InteractionDiagram-Exit-degraded-mode.pdf' not found on in
put line 423.


! Package pdftex.def Error: File `InteractionDiagram-Exit-degraded-mode.pdf' no
t found: using draft setting.

See the pdftex.def package documentation for explanation.
Type  H <return>  for immediate help.
 ...                                              
                                                  
l.423 ...nteractionDiagram-Exit-degraded-mode.pdf}
                                                  };
Try typing  <return>  to proceed.
If that doesn't work, type  X <return>  to quit.

) (./catalog.tex [31

] [32 <./images//InteractionDiagram-av2-Communication-channel-between-PMS-and-P
G-goes-down-Detection-during-Communication-App-Side-.pdf, page is rotated 90 de
grees>] [33]
Appendix E.
LaTeX Font Info:    Trying to load font information for U+fontawesometwo on inp
ut line 17.
(c:/texlive/2022/texmf-dist/tex/latex/fontawesome/ufontawesometwo.fd
File: ufontawesometwo.fd 2016/05/22 Font definitions for U/fontawesometwo.
) [34

]
[35] [36] [37] [38] [39] [40] [41] [42]
Overfull \hbox (82.75621pt too wide) in paragraph at lines 562--563
[]\T1/cmss/m/n/10 List<Tuple<[]\T1/cmss/bx/n/10 ClinicalModelJob[]\T1/cmss/m/n/
10 , Dou-ble>> cre-ate-Clin-i-calMod-elJob-s-For-Pa-tient([]\T1/cmss/bx/n/10 Pa
tientId[] \T1/cmss/m/n/10 pa-ti-en-tId, Tu-ple<[]\T1/cmss/bx/n/10 SensorDataPac
kage[]\T1/cmss/m/n/10 ,
 []

[43] [44] [45]
Overfull \hbox (26.89485pt too wide) in paragraph at lines 778--779
[]\T1/cmss/m/n/10 List<[]\T1/cmss/bx/n/10 Observation[]\T1/cmss/m/n/10 > search
Ob-ser-va-tion([]\T1/cmss/bx/n/10 Query[]\T1/cmss/m/n/10 <[]\T1/cmss/bx/n/10 Da
te[]\T1/cmss/m/n/10 > date, []\T1/cmss/bx/n/10 Query[]\T1/cmss/m/n/10 <String> 
dataAb-sen-tRea-son, []\T1/cmss/bx/n/10 Query[]\T1/cmss/m/n/10 <[]\T1/cmss/bx/n
/10 Patient[]\T1/cmss/m/n/10 >
 []


Overfull \hbox (52.97182pt too wide) in paragraph at lines 778--779
\T1/cmss/m/n/10 sub-ject, []\T1/cmss/bx/n/10 Query[]\T1/cmss/m/n/10 <String> va
l-ueCon-cept, []\T1/cmss/bx/n/10 Query[]\T1/cmss/m/n/10 <[]\T1/cmss/bx/n/10 Dat
e[]\T1/cmss/m/n/10 > val-ue-Date, []\T1/cmss/bx/n/10 Query[]\T1/cmss/m/n/10 <[]
\T1/cmss/bx/n/10 Observation[]\T1/cmss/m/n/10 > de-rived-From, []\T1/cmss/bx/n/
10 Query[]\T1/cmss/m/n/10 <[]\T1/cmss/bx/n/10 Patient[]\T1/cmss/m/n/10 >
 []


Overfull \hbox (17.94426pt too wide) in paragraph at lines 778--779
\T1/cmss/m/n/10 pa-tient, []\T1/cmss/bx/n/10 Query[]\T1/cmss/m/n/10 <[]\T1/cmss
/bx/n/10 Quantity[]\T1/cmss/m/n/10 > val-ue-Quan-tity, []\T1/cmss/bx/n/10 Query
[]\T1/cmss/m/n/10 <String> iden-ti-fier, []\T1/cmss/bx/n/10 Query[]\T1/cmss/m/n
/10 <String> per-former, []\T1/cmss/bx/n/10 Query[]\T1/cmss/m/n/10 <String>
 []


Overfull \hbox (22.48482pt too wide) in paragraph at lines 784--785
\T1/cmss/m/n/10 dressState, []\T1/cmss/bx/n/10 Query[]\T1/cmss/m/n/10 <String> 
ad-min-is-tra-tive-G-en-der, []\T1/cmss/bx/n/10 Query[]\T1/cmss/m/n/10 <String>
 link, []\T1/cmss/bx/n/10 Query[]\T1/cmss/m/n/10 <String> lan-guage, []\T1/cmss
/bx/n/10 Query[]\T1/cmss/m/n/10 <String>
 []


Overfull \hbox (11.61247pt too wide) in paragraph at lines 784--785
\T1/cmss/m/n/10 ad-dress-Coun-try, []\T1/cmss/bx/n/10 Query[]\T1/cmss/m/n/10 <[
]\T1/cmss/bx/n/10 Date[]\T1/cmss/m/n/10 > death-Date, []\T1/cmss/bx/n/10 Query[
]\T1/cmss/m/n/10 <String> pho-netic, []\T1/cmss/bx/n/10 Query[]\T1/cmss/m/n/10 
<String> tele-com, []\T1/cmss/bx/n/10 Query[]\T1/cmss/m/n/10 <String>
 []


Overfull \hbox (50.31136pt too wide) in paragraph at lines 784--785
\T1/cmss/m/n/10 dress, []\T1/cmss/bx/n/10 Query[]\T1/cmss/m/n/10 <String> gen-e
r-al-Prac-ti-tioner, []\T1/cmss/bx/n/10 Query[]\T1/cmss/m/n/10 <Boolean> ac-tiv
e, []\T1/cmss/bx/n/10 Query[]\T1/cmss/m/n/10 <String> ad-dress-Postal-Code, []\
T1/cmss/bx/n/10 Query[]\T1/cmss/m/n/10 <String>
 []


Overfull \hbox (10.76546pt too wide) in paragraph at lines 790--791
[]\T1/cmss/m/n/10 List<[]\T1/cmss/bx/n/10 RiskAssessment[]\T1/cmss/m/n/10 > sea
rchRiskAssess-ment([]\T1/cmss/bx/n/10 Query[]\T1/cmss/m/n/10 <[]\T1/cmss/bx/n/1
0 Date[]\T1/cmss/m/n/10 > date, []\T1/cmss/bx/n/10 Query[]\T1/cmss/m/n/10 <Stri
ng> iden-ti-fier, []\T1/cmss/bx/n/10 Query[]\T1/cmss/m/n/10 <String>
 []

[46] [47] [48] [49] [50] [51]
Overfull \hbox (4.62529pt too wide) in paragraph at lines 1247--1248
[]\T1/cmss/m/n/10 Map<[]\T1/cmss/bx/n/10 Timestamp[]\T1/cmss/m/n/10 , []\T1/cms
s/bx/n/10 Sen-sor-Dat-a-Pack-age[]\T1/cmss/m/n/10 > getAllSen-sor-DataOf-Pa-tie
nt-Be-fore([]\T1/cmss/bx/n/10 PatientId[] \T1/cmss/m/n/10 pa-ti-en-tId, []\T1/c
mss/bx/n/10 Times-tamp[]
 []

[52]
Overfull \hbox (2.86739pt too wide) in paragraph at lines 1369--1370
[][]\T1/cmss/bx/n/10 ThirdPartyDataPackage[] \T1/cmss/m/n/10 fetch-Data([]\T1/c
mss/bx/n/10 PatientId[] \T1/cmss/m/n/10 pa-ti-en-tId, []\T1/cmss/bx/n/10 Times-
tamp[] \T1/cmss/m/n/10 start-Time, []\T1/cmss/bx/n/10 Times-tamp[] \T1/cmss/m/n
/10 end-Time, String
 []

[53] [54] [55] [56] [57] [58] [59] [60]
Overfull \hbox (18.10727pt too wide) in paragraph at lines 2003--2003
[]\T1/cmr/m/n/10 Attributes: [][][][][][] dataMgmt 
 []

)
Package minitoc Info: I0009
(minitoc)             Listing minitoc auxiliary files. 
(minitoc)             Creating the report.maf file.
\openout4 = `report.maf'.



Package minitoc(hints) Warning: W0033
(minitoc(hints))                The caption package should be 
(minitoc(hints))                loaded BEFORE the minitoc package.


Package minitoc(hints) Warning: W0024
(minitoc(hints))                Some hints have been written 
(minitoc(hints))                in the report.log file.

[61] (./report.aux
Package cleveref Info: loaded `english' language definitions on input line 18.
)
Package rerunfilecheck Info: File `report.out' has not changed.
(rerunfilecheck)             Checksum: D701AAD3F6E15D09047B86DC1D022E47;17358.
 ) 
Here is how much of TeX's memory you used:
 41269 strings out of 475071
 948492 string characters out of 5782908
 1384532 words of memory out of 5000000
 61449 multiletter control sequences out of 15000+600000
 487655 words of font info for 57 fonts, out of 8000000 for 9000
 1141 hyphenation exceptions out of 8191
 114i,11n,117p,1828b,875s stack positions out of 10000i,1000n,20000p,200000b,200000s
{c:/texlive/2022/texmf-dist/fonts/enc/dvips/cm-super/cm-super-t1.enc}{c:/texl
ive/2022/texmf-dist/fonts/enc/dvips/fontawesome/fontawesometwo.enc}{c:/texlive/
2022/texmf-dist/fonts/enc/dvips/cm-super/cm-super-ts1.enc}<c:/texlive/2022/texm
f-dist/fonts/type1/public/fontawesome/FontAwesome.pfb><c:/texlive/2022/texmf-di
st/fonts/type1/public/amsfonts/cm/cmmi10.pfb><c:/texlive/2022/texmf-dist/fonts/
type1/public/cm-super/sfbx1000.pfb><c:/texlive/2022/texmf-dist/fonts/type1/publ
ic/cm-super/sfbx1200.pfb><c:/texlive/2022/texmf-dist/fonts/type1/public/cm-supe
r/sfbx1440.pfb><c:/texlive/2022/texmf-dist/fonts/type1/public/cm-super/sfbx1728
.pfb><c:/texlive/2022/texmf-dist/fonts/type1/public/cm-super/sfbx2488.pfb><c:/t
exlive/2022/texmf-dist/fonts/type1/public/cm-super/sfcc1000.pfb><c:/texlive/202
2/texmf-dist/fonts/type1/public/cm-super/sfcc1200.pfb><c:/texlive/2022/texmf-di
st/fonts/type1/public/cm-super/sfrm0900.pfb><c:/texlive/2022/texmf-dist/fonts/t
ype1/public/cm-super/sfrm1000.pfb><c:/texlive/2022/texmf-dist/fonts/type1/publi
c/cm-super/sfrm1440.pfb><c:/texlive/2022/texmf-dist/fonts/type1/public/cm-super
/sfrm1728.pfb><c:/texlive/2022/texmf-dist/fonts/type1/public/cm-super/sfsi1000.
pfb><c:/texlive/2022/texmf-dist/fonts/type1/public/cm-super/sfsl1000.pfb><c:/te
xlive/2022/texmf-dist/fonts/type1/public/cm-super/sfso1000.pfb><c:/texlive/2022
/texmf-dist/fonts/type1/public/cm-super/sfss1000.pfb><c:/texlive/2022/texmf-dis
t/fonts/type1/public/cm-super/sfsx1000.pfb><c:/texlive/2022/texmf-dist/fonts/ty
pe1/public/cm-super/sfti1000.pfb><c:/texlive/2022/texmf-dist/fonts/type1/public
/cm-super/sfvt1000.pfb><c:/texlive/2022/texmf-dist/fonts/type1/public/cm-super/
sfxc1000.pfb>
Output written on report.pdf (62 pages, 728653 bytes).
PDF statistics:
 2633 PDF objects out of 2984 (max. 8388607)
 2458 compressed objects within 25 object streams
 334 named destinations out of 1000 (max. 500000)
 1080 words of extra memory for PDF output out of 10000 (max. 10000000)

