\BOOKMARK [0][-]{chapter.1}{\376\377\000I\000n\000t\000r\000o\000d\000u\000c\000t\000i\000o\000n}{}% 1
\BOOKMARK [0][-]{chapter.2}{\376\377\000Q\000A\000S\000\040\000D\000e\000c\000i\000s\000i\000o\000n\000s}{}% 2
\BOOKMARK [1][-]{section.2.1}{\376\377\000Q\000u\000a\000l\0001\000:\000\040\000I\000n\000c\000l\000u\000d\000e\000\040\000t\000h\000i\000r\000d\000\040\000p\000a\000r\000t\000y\000\040\000l\000i\000f\000e\000s\000t\000y\000l\000e\000\040\000t\000r\000a\000c\000k\000e\000r\000\040\000d\000a\000t\000\040\000i\000n\000\040\000c\000l\000i\000n\000i\000c\000a\000l\000\040\000m\000o\000d\000e\000l\000\040\000c\000o\000m\000p\000u\000t\000a\000t\000i\000o\000n\000s\000\040\000\050\000M\0001\000\051}{chapter.2}% 3
\BOOKMARK [1][-]{section.2.2}{\376\377\000Q\000u\000a\000l\0002\000:\000\040\000C\000o\000m\000m\000u\000n\000i\000c\000a\000t\000i\000o\000n\000\040\000b\000e\000t\000w\000e\000e\000n\000\040\000p\000a\000t\000i\000e\000n\000t\000\040\000g\000a\000t\000e\000w\000a\000y\000s\000\040\000a\000n\000d\000\040\000P\000M\000S\000\040\000b\000a\000c\000k\000e\000n\000d\000\040\000\050\000A\000v\0002\000\051}{chapter.2}% 4
\BOOKMARK [0][-]{chapter.3}{\376\377\000O\000t\000h\000e\000r\000\040\000d\000e\000c\000i\000s\000i\000o\000n\000s}{}% 5
\BOOKMARK [0][-]{chapter.4}{\376\377\000D\000i\000s\000c\000u\000s\000s\000i\000o\000n}{}% 6
\BOOKMARK [0][-]{appendix.A}{\376\377\000C\000l\000i\000e\000n\000t\000-\000S\000e\000r\000v\000e\000r\000\040\000V\000i\000e\000w}{}% 7
\BOOKMARK [0][-]{appendix.B}{\376\377\000D\000e\000c\000o\000m\000p\000o\000s\000i\000t\000i\000o\000n\000\040\000V\000i\000e\000w}{}% 8
\BOOKMARK [0][-]{appendix.C}{\376\377\000D\000e\000p\000l\000o\000y\000m\000e\000n\000t\000\040\000v\000i\000e\000w}{}% 9
\BOOKMARK [0][-]{appendix.D}{\376\377\000P\000r\000o\000c\000e\000s\000s\000\040\000V\000i\000e\000w}{}% 10
\BOOKMARK [0][-]{appendix.E}{\376\377\000E\000l\000e\000m\000e\000n\000t\000\040\000c\000a\000t\000a\000l\000o\000g}{}% 11
\BOOKMARK [1][-]{section.E.1}{\376\377\000C\000o\000m\000p\000o\000n\000e\000n\000t\000s}{appendix.E}% 12
\BOOKMARK [2][-]{subsection.E.1.1}{\376\377\000A\000l\000e\000r\000t\000M\000a\000n\000a\000g\000e\000r}{section.E.1}% 13
\BOOKMARK [2][-]{subsection.E.1.2}{\376\377\000C\000l\000i\000n\000i\000c\000a\000l\000J\000o\000b\000C\000r\000e\000a\000t\000o\000r}{section.E.1}% 14
\BOOKMARK [2][-]{subsection.E.1.3}{\376\377\000C\000l\000i\000n\000i\000c\000a\000l\000M\000o\000d\000e\000l\000C\000a\000c\000h\000e}{section.E.1}% 15
\BOOKMARK [2][-]{subsection.E.1.4}{\376\377\000C\000l\000i\000n\000i\000c\000a\000l\000M\000o\000d\000e\000l\000D\000B}{section.E.1}% 16
\BOOKMARK [2][-]{subsection.E.1.5}{\376\377\000C\000r\000o\000n\000j\000o\000b}{section.E.1}% 17
\BOOKMARK [2][-]{subsection.E.1.6}{\376\377\000e\000H\000e\000a\000l\000t\000h\000\040\000P\000l\000a\000t\000f\000o\000r\000m}{section.E.1}% 18
\BOOKMARK [2][-]{subsection.E.1.7}{\376\377\000H\000e\000a\000r\000t\000b\000e\000a\000t\000M\000o\000n\000i\000t\000o\000r}{section.E.1}% 19
\BOOKMARK [2][-]{subsection.E.1.8}{\376\377\000H\000I\000S}{section.E.1}% 20
\BOOKMARK [2][-]{subsection.E.1.9}{\376\377\000H\000I\000S\000\040\000M\000a\000n\000a\000g\000e\000r}{section.E.1}% 21
\BOOKMARK [2][-]{subsection.E.1.10}{\376\377\000K\000V\000S\000t\000o\000r\000a\000g\000e\000S\000e\000r\000v\000i\000c\000e}{section.E.1}% 22
\BOOKMARK [2][-]{subsection.E.1.11}{\376\377\000M\000L\000a\000a\000S}{section.E.1}% 23
\BOOKMARK [2][-]{subsection.E.1.12}{\376\377\000M\000L\000M\000o\000d\000e\000l\000M\000a\000n\000a\000g\000e\000r}{section.E.1}% 24
\BOOKMARK [2][-]{subsection.E.1.13}{\376\377\000M\000o\000b\000i\000l\000e\000\040\000O\000S}{section.E.1}% 25
\BOOKMARK [2][-]{subsection.E.1.14}{\376\377\000O\000p\000e\000r\000a\000t\000o\000r\000\040\000G\000a\000t\000e\000w\000a\000y\000\040\000E\000n\000d\000p\000o\000i\000n\000t}{section.E.1}% 26
\BOOKMARK [2][-]{subsection.E.1.15}{\376\377\000P\000a\000t\000i\000e\000n\000t\000\040\000G\000a\000t\000e\000w\000a\000y\000\040\000A\000p\000p}{section.E.1}% 27
\BOOKMARK [2][-]{subsection.E.1.16}{\376\377\000P\000a\000t\000i\000e\000n\000t\000\040\000G\000a\000t\000e\000w\000a\000y\000\040\000E\000n\000d\000p\000o\000i\000n\000t}{section.E.1}% 28
\BOOKMARK [2][-]{subsection.E.1.17}{\376\377\000P\000a\000t\000i\000e\000n\000t\000D\000a\000t\000a\000S\000t\000o\000r\000a\000g\000e}{section.E.1}% 29
\BOOKMARK [2][-]{subsection.E.1.18}{\376\377\000R\000i\000s\000k\000E\000s\000t\000i\000m\000a\000t\000i\000o\000n\000C\000o\000m\000b\000i\000n\000e\000r}{section.E.1}% 30
\BOOKMARK [2][-]{subsection.E.1.19}{\376\377\000R\000i\000s\000k\000E\000s\000t\000i\000m\000a\000t\000i\000o\000n\000P\000r\000o\000c\000e\000s\000s\000o\000r}{section.E.1}% 31
\BOOKMARK [2][-]{subsection.E.1.20}{\376\377\000R\000i\000s\000k\000E\000s\000t\000i\000m\000a\000t\000i\000o\000n\000S\000c\000h\000e\000d\000u\000l\000e\000r}{section.E.1}% 32
\BOOKMARK [2][-]{subsection.E.1.21}{\376\377\000S\000M\000S\000\040\000g\000a\000t\000e\000w\000a\000y}{section.E.1}% 33
\BOOKMARK [2][-]{subsection.E.1.22}{\376\377\000T\000h\000i\000r\000d\000P\000a\000r\000t\000y\000S\000e\000r\000v\000i\000c\000e}{section.E.1}% 34
\BOOKMARK [1][-]{section.E.2}{\376\377\000M\000o\000d\000u\000l\000e\000s}{appendix.E}% 35
\BOOKMARK [2][-]{subsection.E.2.1}{\376\377\000A\000p\000p\000\040\000E\000n\000d\000p\000o\000i\000n\000t}{section.E.2}% 36
\BOOKMARK [2][-]{subsection.E.2.2}{\376\377\000B\000u\000f\000f\000e\000r}{section.E.2}% 37
\BOOKMARK [2][-]{subsection.E.2.3}{\376\377\000D\000a\000t\000a\000R\000i\000s\000k\000A\000s\000s\000e\000s\000s\000m\000e\000n\000t}{section.E.2}% 38
\BOOKMARK [2][-]{subsection.E.2.4}{\376\377\000G\000o\000o\000g\000l\000e\000\040\000F\000i\000t\000\040\000A\000P\000I}{section.E.2}% 39
\BOOKMARK [2][-]{subsection.E.2.5}{\376\377\000J\000o\000b\000M\000L\000M\000o\000d\000e\000l\000S\000e\000l\000e\000c\000t\000o\000r}{section.E.2}% 40
\BOOKMARK [2][-]{subsection.E.2.6}{\376\377\000J\000o\000b\000P\000r\000o\000c\000e\000s\000s\000o\000r}{section.E.2}% 41
\BOOKMARK [2][-]{subsection.E.2.7}{\376\377\000M\000L\000a\000a\000S\000L\000i\000b\000r\000a\000r\000y}{section.E.2}% 42
\BOOKMARK [2][-]{subsection.E.2.8}{\376\377\000M\000L\000L\000i\000b\000r\000a\000r\000y}{section.E.2}% 43
\BOOKMARK [2][-]{subsection.E.2.9}{\376\377\000M\000L\000M\000o\000d\000e\000l\000R\000e\000p\000o\000s\000i\000t\000o\000r\000y}{section.E.2}% 44
\BOOKMARK [2][-]{subsection.E.2.10}{\376\377\000M\000L\000M\000o\000d\000e\000l\000R\000e\000t\000r\000i\000e\000v\000a\000l}{section.E.2}% 45
\BOOKMARK [2][-]{subsection.E.2.11}{\376\377\000M\000L\000M\000o\000d\000e\000l\000S\000t\000o\000r\000a\000g\000e\000M\000a\000n\000a\000g\000e\000r}{section.E.2}% 46
\BOOKMARK [2][-]{subsection.E.2.12}{\376\377\000M\000L\000M\000o\000d\000e\000l\000U\000p\000d\000a\000t\000e\000P\000r\000o\000c\000e\000s\000s\000o\000r}{section.E.2}% 47
\BOOKMARK [2][-]{subsection.E.2.13}{\376\377\000M\000o\000d\000e\000l\000U\000p\000d\000a\000t\000e\000r}{section.E.2}% 48
\BOOKMARK [2][-]{subsection.E.2.14}{\376\377\000S\000t\000r\000a\000v\000a\000\040\000A\000P\000I}{section.E.2}% 49
\BOOKMARK [2][-]{subsection.E.2.15}{\376\377\000S\000y\000n\000c\000M\000a\000n\000a\000g\000e\000r}{section.E.2}% 50
\BOOKMARK [2][-]{subsection.E.2.16}{\376\377\000T\000h\000i\000r\000d\000P\000a\000r\000t\000y\000\040\000A\000P\000I\000'\000s}{section.E.2}% 51
\BOOKMARK [2][-]{subsection.E.2.17}{\376\377\000T\000h\000i\000r\000d\000P\000a\000r\000t\000y\000S\000y\000n\000c\000S\000e\000r\000v\000i\000c\000e}{section.E.2}% 52
\BOOKMARK [2][-]{subsection.E.2.18}{\376\377\000T\000o\000k\000e\000n\000S\000t\000o\000r\000a\000g\000e}{section.E.2}% 53
\BOOKMARK [1][-]{section.E.3}{\376\377\000I\000n\000t\000e\000r\000f\000a\000c\000e\000s}{appendix.E}% 54
\BOOKMARK [2][-]{subsection.E.3.1}{\376\377\000A\000l\000e\000r\000t\000M\000g\000m\000t}{section.E.3}% 55
\BOOKMARK [2][-]{subsection.E.3.2}{\376\377\000A\000l\000e\000r\000t\000P\000u\000s\000h}{section.E.3}% 56
\BOOKMARK [2][-]{subsection.E.3.3}{\376\377\000A\000p\000p\000l\000y\000C\000l\000i\000n\000i\000c\000a\000l\000M\000o\000d\000e\000l}{section.E.3}% 57
\BOOKMARK [2][-]{subsection.E.3.4}{\376\377\000B\000u\000f\000f\000e\000r\000M\000g\000m\000t}{section.E.3}% 58
\BOOKMARK [2][-]{subsection.E.3.5}{\376\377\000C\000l\000i\000n\000i\000c\000a\000l\000J\000o\000b\000M\000g\000m\000t}{section.E.3}% 59
\BOOKMARK [2][-]{subsection.E.3.6}{\376\377\000C\000l\000i\000n\000i\000c\000a\000l\000M\000o\000d\000e\000l\000C\000a\000c\000h\000e\000M\000g\000m\000t}{section.E.3}% 60
\BOOKMARK [2][-]{subsection.E.3.7}{\376\377\000C\000l\000i\000n\000i\000c\000a\000l\000M\000o\000d\000e\000l\000S\000t\000o\000r\000a\000g\000e}{section.E.3}% 61
\BOOKMARK [2][-]{subsection.E.3.8}{\376\377\000C\000o\000m\000m\000u\000n\000i\000a\000t\000i\000o\000n\000P\000r\000o\000b\000l\000e\000m\000s}{section.E.3}% 62
\BOOKMARK [2][-]{subsection.E.3.9}{\376\377\000D\000a\000t\000a\000A\000n\000a\000l\000y\000s\000i\000s}{section.E.3}% 63
\BOOKMARK [2][-]{subsection.E.3.10}{\376\377\000F\000e\000t\000c\000h\000C\000l\000i\000n\000i\000c\000a\000l\000M\000o\000d\000e\000l\000s}{section.E.3}% 64
\BOOKMARK [2][-]{subsection.E.3.11}{\376\377\000F\000e\000t\000c\000h\000J\000o\000b\000s}{section.E.3}% 65
\BOOKMARK [2][-]{subsection.E.3.12}{\376\377\000F\000e\000t\000c\000h\000M\000L\000M\000o\000d\000e\000l}{section.E.3}% 66
\BOOKMARK [2][-]{subsection.E.3.13}{\376\377\000G\000a\000t\000e\000w\000a\000y\000R\000e\000q\000u\000e\000s\000t\000s}{section.E.3}% 67
\BOOKMARK [2][-]{subsection.E.3.14}{\376\377\000h\000e\000a\000l\000t\000h\000A\000P\000I}{section.E.3}% 68
\BOOKMARK [2][-]{subsection.E.3.15}{\376\377\000H\000e\000a\000r\000t\000b\000e\000a\000t\000M\000g\000m\000t}{section.E.3}% 69
\BOOKMARK [2][-]{subsection.E.3.16}{\376\377\000J\000o\000b\000M\000g\000m\000t}{section.E.3}% 70
\BOOKMARK [2][-]{subsection.E.3.17}{\376\377\000K\000V\000S\000t\000o\000r\000e}{section.E.3}% 71
\BOOKMARK [2][-]{subsection.E.3.18}{\376\377\000L\000a\000u\000n\000c\000h\000R\000i\000s\000k\000E\000s\000t\000i\000m\000a\000t\000i\000o\000n}{section.E.3}% 72
\BOOKMARK [2][-]{subsection.E.3.19}{\376\377\000M\000L\000a\000a\000S\000A\000P\000I}{section.E.3}% 73
\BOOKMARK [2][-]{subsection.E.3.20}{\376\377\000M\000L\000a\000a\000S\000S\000e\000r\000v\000i\000c\000e}{section.E.3}% 74
\BOOKMARK [2][-]{subsection.E.3.21}{\376\377\000M\000L\000A\000P\000I}{section.E.3}% 75
\BOOKMARK [2][-]{subsection.E.3.22}{\376\377\000M\000L\000M\000o\000d\000e\000l\000M\000g\000m\000t}{section.E.3}% 76
\BOOKMARK [2][-]{subsection.E.3.23}{\376\377\000M\000L\000M\000o\000d\000e\000l\000S\000t\000o\000r\000a\000g\000e}{section.E.3}% 77
\BOOKMARK [2][-]{subsection.E.3.24}{\376\377\000M\000L\000M\000o\000d\000e\000l\000S\000y\000n\000c}{section.E.3}% 78
\BOOKMARK [2][-]{subsection.E.3.25}{\376\377\000M\000L\000M\000o\000d\000e\000l\000U\000p\000d\000a\000t\000e\000M\000g\000m\000t}{section.E.3}% 79
\BOOKMARK [2][-]{subsection.E.3.26}{\376\377\000O\000S\000\040\000M\000g\000m\000t}{section.E.3}% 80
\BOOKMARK [2][-]{subsection.E.3.27}{\376\377\000O\000t\000h\000e\000r\000D\000a\000t\000a\000M\000g\000m\000t}{section.E.3}% 81
\BOOKMARK [2][-]{subsection.E.3.28}{\376\377\000P\000a\000t\000i\000e\000n\000t\000D\000a\000t\000a\000M\000g\000m\000t}{section.E.3}% 82
\BOOKMARK [2][-]{subsection.E.3.29}{\376\377\000P\000a\000t\000i\000e\000n\000t\000D\000a\000t\000a\000P\000u\000s\000h}{section.E.3}% 83
\BOOKMARK [2][-]{subsection.E.3.30}{\376\377\000P\000a\000t\000i\000e\000n\000t\000R\000e\000c\000o\000r\000d\000M\000g\000m\000t}{section.E.3}% 84
\BOOKMARK [2][-]{subsection.E.3.31}{\376\377\000R\000e\000s\000u\000l\000t\000s}{section.E.3}% 85
\BOOKMARK [2][-]{subsection.E.3.32}{\376\377\000S\000e\000n\000s\000o\000r\000D\000a\000t\000a\000M\000g\000m\000t}{section.E.3}% 86
\BOOKMARK [2][-]{subsection.E.3.33}{\376\377\000S\000M\000S\000i\000n\000t\000e\000r\000f\000a\000c\000e}{section.E.3}% 87
\BOOKMARK [2][-]{subsection.E.3.34}{\376\377\000S\000y\000n\000c\000M\000g\000m\000t}{section.E.3}% 88
\BOOKMARK [2][-]{subsection.E.3.35}{\376\377\000T\000h\000i\000r\000d\000P\000a\000r\000t\000y\000A\000P\000I\000C\000o\000n\000n\000e\000c\000t\000i\000o\000n}{section.E.3}% 89
\BOOKMARK [2][-]{subsection.E.3.36}{\376\377\000T\000h\000i\000r\000d\000P\000a\000r\000t\000y\000A\000p\000i\000I\000n\000t\000e\000r\000f\000a\000c\000e}{section.E.3}% 90
\BOOKMARK [2][-]{subsection.E.3.37}{\376\377\000T\000h\000i\000r\000d\000P\000a\000r\000t\000y\000D\000a\000t\000a\000M\000g\000m\000t}{section.E.3}% 91
\BOOKMARK [2][-]{subsection.E.3.38}{\376\377\000T\000o\000k\000e\000n\000M\000g\000m\000t}{section.E.3}% 92
\BOOKMARK [2][-]{subsection.E.3.39}{\376\377\000U\000p\000d\000a\000t\000e\000T\000i\000m\000e\000r}{section.E.3}% 93
\BOOKMARK [1][-]{section.E.4}{\376\377\000N\000o\000d\000e\000s}{appendix.E}% 94
\BOOKMARK [2][-]{subsection.E.4.1}{\376\377\000C\000o\000n\000t\000r\000o\000l\000N\000o\000d\000e}{section.E.4}% 95
\BOOKMARK [2][-]{subsection.E.4.2}{\376\377\000D\000B\000N\000o\000d\000e\000\040\000\050\000P\000i\000l\000o\000t\000\040\000D\000e\000p\000l\000o\000y\000m\000e\000n\000t\000\051}{section.E.4}% 96
\BOOKMARK [2][-]{subsection.E.4.3}{\376\377\000e\000H\000e\000a\000l\000t\000h\000P\000l\000a\000t\000f\000o\000r\000m}{section.E.4}% 97
\BOOKMARK [2][-]{subsection.E.4.4}{\376\377\000M\000L\000a\000a\000S\000\040\000C\000o\000n\000n\000\040\000\050\000P\000i\000l\000o\000t\000\040\000D\000e\000p\000l\000o\000y\000m\000e\000n\000t\000\051}{section.E.4}% 98
\BOOKMARK [2][-]{subsection.E.4.5}{\376\377\000M\000L\000a\000a\000S\000\040\000S\000e\000r\000v\000i\000c\000e\000\040\000\050\000D\000e\000v\000\040\000D\000e\000p\000l\000o\000y\000m\000e\000n\000t\000\051}{section.E.4}% 99
\BOOKMARK [2][-]{subsection.E.4.6}{\376\377\000M\000L\000a\000a\000S\000\040\000S\000e\000r\000v\000i\000c\000e\000\040\000\050\000P\000i\000l\000o\000t\000\040\000D\000e\000p\000l\000o\000y\000m\000e\000n\000t\000\051}{section.E.4}% 100
\BOOKMARK [2][-]{subsection.E.4.7}{\376\377\000M\000L\000a\000a\000S\000C\000l\000o\000u\000d}{section.E.4}% 101
\BOOKMARK [2][-]{subsection.E.4.8}{\376\377\000M\000L\000a\000a\000S\000C\000o\000n\000n\000e\000c\000t\000o\000r\000N\000o\000d\000e}{section.E.4}% 102
\BOOKMARK [2][-]{subsection.E.4.9}{\376\377\000m\000o\000d\000e\000l\000D\000B\000\040\000\050\000P\000i\000l\000o\000t\000\040\000D\000e\000p\000l\000o\000y\000m\000e\000n\000t\000\051}{section.E.4}% 103
\BOOKMARK [2][-]{subsection.E.4.10}{\376\377\000M\000o\000d\000e\000l\000S\000t\000o\000r\000a\000g\000e}{section.E.4}% 104
\BOOKMARK [2][-]{subsection.E.4.11}{\376\377\000N\000o\000d\000e}{section.E.4}% 105
\BOOKMARK [2][-]{subsection.E.4.12}{\376\377\000P\000a\000t\000i\000e\000n\000t\000\040\000D\000e\000v\000i\000c\000e\000s}{section.E.4}% 106
\BOOKMARK [2][-]{subsection.E.4.13}{\376\377\000P\000a\000t\000i\000e\000n\000t\000D\000B}{section.E.4}% 107
\BOOKMARK [2][-]{subsection.E.4.14}{\376\377\000R\000i\000s\000k\000E\000s\000t\000i\000m\000a\000t\000i\000o\000n\000M\000a\000n\000a\000g\000e\000m\000e\000n\000t\000N\000o\000d\000e\000\040\000\050\000P\000i\000l\000o\000t\000\040\000D\000e\000p\000l\000o\000y\000m\000e\000n\000t\000\051}{section.E.4}% 108
\BOOKMARK [2][-]{subsection.E.4.15}{\376\377\000R\000i\000s\000k\000E\000s\000t\000i\000m\000a\000t\000i\000o\000n\000M\000a\000n\000a\000g\000m\000e\000n\000t\000N\000o\000d\000e\000\040\000\050\000D\000e\000v\000\040\000D\000e\000p\000l\000o\000y\000m\000e\000n\000t\000\051}{section.E.4}% 109
\BOOKMARK [2][-]{subsection.E.4.16}{\376\377\000R\000i\000s\000k\000E\000s\000t\000i\000m\000a\000t\000i\000o\000n\000M\000g\000m\000t\000N\000o\000d\000e}{section.E.4}% 110
\BOOKMARK [2][-]{subsection.E.4.17}{\376\377\000R\000i\000s\000k\000E\000s\000t\000i\000m\000a\000t\000i\000o\000n\000P\000r\000o\000c\000e\000s\000s\000o\000r\000N\000o\000d\000e}{section.E.4}% 111
\BOOKMARK [2][-]{subsection.E.4.18}{\376\377\000R\000i\000s\000k\000E\000s\000t\000i\000m\000a\000t\000i\000o\000n\000P\000r\000o\000c\000e\000s\000s\000o\000r\000N\000o\000d\000e\000\040\000\050\000D\000e\000v\000\040\000D\000e\000p\000l\000o\000y\000m\000e\000n\000t\000\051}{section.E.4}% 112
\BOOKMARK [2][-]{subsection.E.4.19}{\376\377\000R\000i\000s\000k\000E\000s\000t\000i\000m\000a\000t\000i\000o\000n\000P\000r\000o\000c\000e\000s\000s\000o\000r\000N\000o\000d\000e\000\040\000\050\000P\000i\000l\000o\000t\000\040\000D\000e\000p\000l\000o\000y\000m\000e\000n\000t\000\051}{section.E.4}% 113
\BOOKMARK [2][-]{subsection.E.4.20}{\376\377\000T\000O\000D\000O\000N\000o\000d\000e}{section.E.4}% 114
\BOOKMARK [1][-]{section.E.5}{\376\377\000E\000x\000c\000e\000p\000t\000i\000o\000n\000s}{appendix.E}% 115
\BOOKMARK [1][-]{section.E.6}{\376\377\000D\000a\000t\000a\000\040\000t\000y\000p\000e\000s}{appendix.E}% 116
\BOOKMARK [1][-]{section.E.7}{\376\377\000U\000n\000r\000e\000s\000o\000l\000v\000e\000d\000\040\000i\000s\000s\000u\000e\000s}{appendix.E}% 117
